[2026-09-27T06:09:40Z] [sonnet46] gate: need 3 fast probes (before launch)
[2026-09-27T06:09:46Z] [sonnet46]   sonnet46 probe 27 at 2026-09-27T06:09:40Z: fast_pass | wall 6.0s | status=passed exit=0 anomalies=none cost=None
[2026-09-27T06:09:51Z] [sonnet46]   sonnet46 probe 28 at 2026-09-27T06:09:46Z: fast_pass | wall 5.2s | status=passed exit=0 anomalies=none cost=None
[2026-09-27T06:09:57Z] [sonnet46]   sonnet46 probe 29 at 2026-09-27T06:09:52Z: fast_pass | wall 5.5s | status=passed exit=0 anomalies=none cost=None
[2026-09-27T06:09:58Z] [sonnet46] launching ADV-DEFINER-01 run-001
[2026-09-27T06:15:01Z] [sonnet46] post-run ADV-DEFINER-01/run-001: infrastructure status=timeout rank=None top3=[] tc=49 cost=0.4384754999999999 contaminated=False
[2026-09-27T06:15:01Z] [sonnet46] gate: need 3 fast probes (before launch)
[2026-09-27T06:15:07Z] [sonnet46]   sonnet46 probe 30 at 2026-09-27T06:15:01Z: fast_pass | wall 5.8s | status=passed exit=0 anomalies=none cost=None
[2026-09-27T06:15:13Z] [sonnet46]   sonnet46 probe 31 at 2026-09-27T06:15:07Z: fast_pass | wall 5.9s | status=passed exit=0 anomalies=none cost=None
[2026-09-27T06:15:18Z] [sonnet46]   sonnet46 probe 32 at 2026-09-27T06:15:13Z: fast_pass | wall 5.1s | status=passed exit=0 anomalies=none cost=None
[2026-09-27T06:15:19Z] [sonnet46] launching ADV-DEFINER-01 run-002
[2026-09-27T06:19:03Z] [sonnet46] post-run ADV-DEFINER-01/run-002: continue status=completed rank=5 top3=['PlotUtilities::drift', 'StandardDialScale::rim', 'CompassPlot::ring'] tc=50 cost=0.48174644999999994 contaminated=False
[2026-09-27T06:19:03Z] [sonnet46] gate: need 1 fast probes (before launch)
[2026-09-27T06:19:10Z] [sonnet46]   sonnet46 probe 33 at 2026-09-27T06:19:03Z: fast_pass | wall 7.3s | status=passed exit=0 anomalies=none cost=None
[2026-09-27T06:19:11Z] [sonnet46] launching ADV-DEFINER-01 run-003
[2026-09-27T06:21:59Z] [sonnet46] post-run ADV-DEFINER-01/run-003: continue status=completed rank=5 top3=['PlotUtilities::drift', 'StandardDialScale::rim', 'CompassPlot::ring'] tc=40 cost=0.32356275 contaminated=False
[2026-09-27T06:21:59Z] [sonnet46] gate: need 1 fast probes (before launch)
[2026-09-27T06:22:05Z] [sonnet46]   sonnet46 probe 34 at 2026-09-27T06:21:59Z: fast_pass | wall 6.0s | status=passed exit=0 anomalies=none cost=None
[2026-09-27T06:22:06Z] [sonnet46] launching ADV-MASK-01 run-001
[2026-09-27T06:27:07Z] [sonnet46] post-run ADV-MASK-01/run-001: infrastructure status=timeout rank=None top3=[] tc=19 cost=0.10421115 contaminated=False
[2026-09-27T06:27:07Z] [sonnet46] gate: need 3 fast probes (before launch)
[2026-09-27T06:27:13Z] [sonnet46]   sonnet46 probe 35 at 2026-09-27T06:27:07Z: fast_pass | wall 5.5s | status=passed exit=0 anomalies=none cost=None
[2026-09-27T06:27:18Z] [sonnet46]   sonnet46 probe 36 at 2026-09-27T06:27:13Z: fast_pass | wall 5.1s | status=passed exit=0 anomalies=none cost=None
[2026-09-27T06:27:23Z] [sonnet46]   sonnet46 probe 37 at 2026-09-27T06:27:18Z: fast_pass | wall 5.2s | status=passed exit=0 anomalies=none cost=None
[2026-09-27T06:27:24Z] [sonnet46] launching ADV-MASK-01 run-002
[2026-09-27T06:32:26Z] [sonnet46] post-run ADV-MASK-01/run-002: infrastructure status=timeout rank=None top3=[] tc=19 cost=0.10437105 contaminated=False
[2026-09-27T06:32:26Z] [sonnet46] gate: need 3 fast probes (before launch)
[2026-09-27T06:32:33Z] [sonnet46]   sonnet46 probe 38 at 2026-09-27T06:32:26Z: fast_pass | wall 7.2s | status=passed exit=0 anomalies=none cost=None
[2026-09-27T06:32:38Z] [sonnet46]   sonnet46 probe 39 at 2026-09-27T06:32:33Z: fast_pass | wall 5.1s | status=passed exit=0 anomalies=none cost=None
[2026-09-27T06:32:43Z] [sonnet46]   sonnet46 probe 40 at 2026-09-27T06:32:38Z: fast_pass | wall 5.0s | status=passed exit=0 anomalies=none cost=None
[2026-09-27T06:32:44Z] [sonnet46] launching ADV-MASK-01 run-003
[2026-09-27T06:36:37Z] [sonnet46] post-run ADV-MASK-01/run-003: infrastructure status=invalid_ranking rank=None top3=[] tc=51 cost=0.5119947000000001 contaminated=False
[2026-09-27T06:36:37Z] [sonnet46] BLOCK FINISHED: ADV-DEFINER-01,ADV-MASK-01 x3
