[2026-09-27T06:09:40Z] [haiku45] gate: need 3 fast probes (before launch)
[2026-09-27T06:09:46Z] [haiku45]   haiku45 probe 33 at 2026-09-27T06:09:40Z: fast_pass | wall 6.0s | status=passed exit=0 anomalies=none cost=None
[2026-09-27T06:09:51Z] [haiku45]   haiku45 probe 34 at 2026-09-27T06:09:46Z: fast_pass | wall 4.7s | status=passed exit=0 anomalies=none cost=None
[2026-09-27T06:09:56Z] [haiku45]   haiku45 probe 35 at 2026-09-27T06:09:51Z: fast_pass | wall 4.7s | status=passed exit=0 anomalies=none cost=None
[2026-09-27T06:09:56Z] [haiku45] launching ADV-DEFINER-01 run-001
[2026-09-27T06:12:18Z] [haiku45] post-run ADV-DEFINER-01/run-001: infrastructure status=invalid_ranking rank=None top3=[] tc=50 cost=0.19583585000000003 contaminated=False
[2026-09-27T06:12:18Z] [haiku45] gate: need 3 fast probes (before launch)
[2026-09-27T06:12:23Z] [haiku45]   haiku45 probe 36 at 2026-09-27T06:12:18Z: fast_pass | wall 5.0s | status=passed exit=0 anomalies=none cost=None
[2026-09-27T06:12:28Z] [haiku45]   haiku45 probe 37 at 2026-09-27T06:12:23Z: fast_pass | wall 4.8s | status=passed exit=0 anomalies=none cost=None
[2026-09-27T06:12:33Z] [haiku45]   haiku45 probe 38 at 2026-09-27T06:12:28Z: fast_pass | wall 4.8s | status=passed exit=0 anomalies=none cost=None
[2026-09-27T06:12:33Z] [haiku45] launching ADV-DEFINER-01 run-002
[2026-09-27T06:15:47Z] [haiku45] post-run ADV-DEFINER-01/run-002: infrastructure status=invalid_ranking rank=None top3=[] tc=50 cost=0.21077655000000003 contaminated=False
[2026-09-27T06:15:47Z] [haiku45] gate: need 3 fast probes (before launch)
[2026-09-27T06:15:51Z] [haiku45]   haiku45 probe 39 at 2026-09-27T06:15:47Z: fast_pass | wall 4.8s | status=passed exit=0 anomalies=none cost=None
[2026-09-27T06:15:56Z] [haiku45]   haiku45 probe 40 at 2026-09-27T06:15:52Z: fast_pass | wall 4.5s | status=passed exit=0 anomalies=none cost=None
[2026-09-27T06:16:01Z] [haiku45]   haiku45 probe 41 at 2026-09-27T06:15:56Z: fast_pass | wall 4.6s | status=passed exit=0 anomalies=none cost=None
[2026-09-27T06:16:01Z] [haiku45] launching ADV-DEFINER-01 run-003
[2026-09-27T06:18:07Z] [haiku45] post-run ADV-DEFINER-01/run-003: infrastructure status=invalid_ranking rank=None top3=[] tc=50 cost=0.16688759999999997 contaminated=False
[2026-09-27T06:18:07Z] [haiku45] gate: need 3 fast probes (before launch)
[2026-09-27T06:18:14Z] [haiku45]   haiku45 probe 42 at 2026-09-27T06:18:07Z: fast_pass | wall 6.8s | status=passed exit=0 anomalies=none cost=None
[2026-09-27T06:18:19Z] [haiku45]   haiku45 probe 43 at 2026-09-27T06:18:14Z: fast_pass | wall 5.4s | status=passed exit=0 anomalies=none cost=None
[2026-09-27T06:18:25Z] [haiku45]   haiku45 probe 44 at 2026-09-27T06:18:19Z: fast_pass | wall 5.5s | status=passed exit=0 anomalies=none cost=None
[2026-09-27T06:18:25Z] [haiku45] launching ADV-MASK-01 run-001
[2026-09-27T06:20:38Z] [haiku45] post-run ADV-MASK-01/run-001: infrastructure status=invalid_ranking rank=None top3=[] tc=50 cost=0.15518415 contaminated=False
[2026-09-27T06:20:38Z] [haiku45] gate: need 3 fast probes (before launch)
[2026-09-27T06:20:44Z] [haiku45]   haiku45 probe 45 at 2026-09-27T06:20:38Z: fast_pass | wall 6.0s | status=passed exit=0 anomalies=none cost=None
[2026-09-27T06:20:50Z] [haiku45]   haiku45 probe 46 at 2026-09-27T06:20:44Z: fast_pass | wall 5.5s | status=passed exit=0 anomalies=none cost=None
[2026-09-27T06:20:56Z] [haiku45]   haiku45 probe 47 at 2026-09-27T06:20:50Z: fast_pass | wall 6.1s | status=passed exit=0 anomalies=none cost=None
[2026-09-27T06:20:56Z] [haiku45] launching ADV-MASK-01 run-002
[2026-09-27T06:23:21Z] [haiku45] post-run ADV-MASK-01/run-002: infrastructure status=invalid_ranking rank=None top3=[] tc=50 cost=0.17599499999999998 contaminated=False
[2026-09-27T06:23:21Z] [haiku45] gate: need 3 fast probes (before launch)
[2026-09-27T06:23:27Z] [haiku45]   haiku45 probe 48 at 2026-09-27T06:23:21Z: fast_pass | wall 5.3s | status=passed exit=0 anomalies=none cost=None
[2026-09-27T06:23:31Z] [haiku45]   haiku45 probe 49 at 2026-09-27T06:23:27Z: fast_pass | wall 4.7s | status=passed exit=0 anomalies=none cost=None
[2026-09-27T06:23:36Z] [haiku45]   haiku45 probe 50 at 2026-09-27T06:23:31Z: fast_pass | wall 4.5s | status=passed exit=0 anomalies=none cost=None
[2026-09-27T06:23:37Z] [haiku45] launching ADV-MASK-01 run-003
[2026-09-27T06:26:22Z] [haiku45] post-run ADV-MASK-01/run-003: continue status=completed rank=4 top3=['NumberUtils::overlay', 'ObjectUtils::combine', 'BitField::widen'] tc=48 cost=0.18144265 contaminated=False
[2026-09-27T06:26:22Z] [haiku45] BLOCK FINISHED: ADV-DEFINER-01,ADV-MASK-01 x3
