[2026-09-27T05:14:39Z] [sonnet46] gate: need 3 fast probes (before launch)
[2026-09-27T05:14:45Z] [sonnet46]   sonnet46 probe 4 at 2026-09-27T05:14:39Z: fast_pass | wall 6.1s | status=passed exit=0 anomalies=none cost=None
[2026-09-27T05:14:51Z] [sonnet46]   sonnet46 probe 5 at 2026-09-27T05:14:45Z: fast_pass | wall 5.3s | status=passed exit=0 anomalies=none cost=None
[2026-09-27T05:14:56Z] [sonnet46]   sonnet46 probe 6 at 2026-09-27T05:14:51Z: fast_pass | wall 5.3s | status=passed exit=0 anomalies=none cost=None
[2026-09-27T05:14:56Z] [sonnet46] launching ADV-DEPTH-01 run-001
[2026-09-27T05:17:28Z] [sonnet46] post-run ADV-DEPTH-01/run-001: continue status=completed rank=1 top3=['BitField::widen', 'ObjectUtils::combine', 'NumberUtils::overlay'] tc=31 cost=0.2813097 contaminated=False
[2026-09-27T05:17:28Z] [sonnet46] gate: need 1 fast probes (before launch)
[2026-09-27T05:17:33Z] [sonnet46]   sonnet46 probe 7 at 2026-09-27T05:17:28Z: fast_pass | wall 5.1s | status=passed exit=0 anomalies=none cost=None
[2026-09-27T05:17:34Z] [sonnet46] launching ADV-DEPTH-01 run-002
[2026-09-27T05:22:35Z] [sonnet46] post-run ADV-DEPTH-01/run-002: infrastructure status=timeout rank=None top3=[] tc=44 cost=0.42526890000000006 contaminated=False
[2026-09-27T05:22:35Z] [sonnet46] gate: need 3 fast probes (before launch)
[2026-09-27T05:22:41Z] [sonnet46]   sonnet46 probe 8 at 2026-09-27T05:22:35Z: fast_pass | wall 5.6s | status=passed exit=0 anomalies=none cost=None
[2026-09-27T05:22:46Z] [sonnet46]   sonnet46 probe 9 at 2026-09-27T05:22:41Z: fast_pass | wall 5.2s | status=passed exit=0 anomalies=none cost=None
[2026-09-27T05:22:51Z] [sonnet46]   sonnet46 probe 10 at 2026-09-27T05:22:46Z: fast_pass | wall 5.2s | status=passed exit=0 anomalies=none cost=None
[2026-09-27T05:22:52Z] [sonnet46] launching ADV-DEPTH-01 run-003
[2026-09-27T05:27:54Z] [sonnet46] post-run ADV-DEPTH-01/run-003: infrastructure status=timeout rank=None top3=[] tc=40 cost=0.3344673000000001 contaminated=False
[2026-09-27T05:27:54Z] [sonnet46] gate: need 3 fast probes (before launch)
[2026-09-27T05:28:00Z] [sonnet46]   sonnet46 probe 11 at 2026-09-27T05:27:54Z: fast_pass | wall 6.2s | status=passed exit=0 anomalies=none cost=None
[2026-09-27T05:28:06Z] [sonnet46]   sonnet46 probe 12 at 2026-09-27T05:28:00Z: fast_pass | wall 5.5s | status=passed exit=0 anomalies=none cost=None
[2026-09-27T05:28:11Z] [sonnet46]   sonnet46 probe 13 at 2026-09-27T05:28:06Z: fast_pass | wall 5.1s | status=passed exit=0 anomalies=none cost=None
[2026-09-27T05:28:11Z] [sonnet46] launching ADV-REGISTRY-01 run-001
[2026-09-27T05:30:43Z] [sonnet46] post-run ADV-REGISTRY-01/run-001: continue status=completed rank=1 top3=['Packer32::pack', 'Conversion::intArrayToLong', 'Packers::forSource'] tc=30 cost=0.28972965 contaminated=False
[2026-09-27T05:30:43Z] [sonnet46] gate: need 1 fast probes (before launch)
[2026-09-27T05:30:49Z] [sonnet46]   sonnet46 probe 14 at 2026-09-27T05:30:43Z: fast_pass | wall 5.3s | status=passed exit=0 anomalies=none cost=None
[2026-09-27T05:30:49Z] [sonnet46] launching ADV-REGISTRY-01 run-002
[2026-09-27T05:32:57Z] [sonnet46] post-run ADV-REGISTRY-01/run-002: continue status=completed rank=1 top3=['Packer32::pack', 'Conversion::intArrayToLong', 'Packers::forSource'] tc=25 cost=0.2058363 contaminated=False
[2026-09-27T05:32:57Z] [sonnet46] gate: need 1 fast probes (before launch)
[2026-09-27T05:33:03Z] [sonnet46]   sonnet46 probe 15 at 2026-09-27T05:32:58Z: fast_pass | wall 5.7s | status=passed exit=0 anomalies=none cost=None
[2026-09-27T05:33:04Z] [sonnet46] launching ADV-REGISTRY-01 run-003
[2026-09-27T05:36:17Z] [sonnet46] post-run ADV-REGISTRY-01/run-003: continue status=completed rank=1 top3=['Packer32::pack', 'Conversion::intArrayToLong', 'Packers::forSource'] tc=29 cost=0.25438065 contaminated=False
[2026-09-27T05:36:17Z] [sonnet46] gate: need 1 fast probes (before launch)
[2026-09-27T05:36:23Z] [sonnet46]   sonnet46 probe 16 at 2026-09-27T05:36:17Z: fast_pass | wall 5.7s | status=passed exit=0 anomalies=none cost=None
[2026-09-27T05:36:23Z] [sonnet46] launching ADV-LEX-01 run-001
[2026-09-27T05:39:04Z] [sonnet46] post-run ADV-LEX-01/run-001: continue status=completed rank=2 top3=['BitField::wordOffset', 'NumberUtils::apply', 'BitField::widen'] tc=35 cost=0.31151565 contaminated=False
[2026-09-27T05:39:04Z] [sonnet46] gate: need 1 fast probes (before launch)
[2026-09-27T05:39:12Z] [sonnet46]   sonnet46 probe 17 at 2026-09-27T05:39:04Z: fast_pass | wall 7.9s | status=passed exit=0 anomalies=none cost=None
[2026-09-27T05:39:12Z] [sonnet46] launching ADV-LEX-01 run-002
[2026-09-27T05:44:14Z] [sonnet46] post-run ADV-LEX-01/run-002: infrastructure status=timeout rank=None top3=[] tc=17 cost=0.09400035 contaminated=False
[2026-09-27T05:44:14Z] [sonnet46] gate: need 3 fast probes (before launch)
[2026-09-27T05:44:20Z] [sonnet46]   sonnet46 probe 18 at 2026-09-27T05:44:14Z: fast_pass | wall 5.5s | status=passed exit=0 anomalies=none cost=None
[2026-09-27T05:44:25Z] [sonnet46]   sonnet46 probe 19 at 2026-09-27T05:44:20Z: fast_pass | wall 5.0s | status=passed exit=0 anomalies=none cost=None
[2026-09-27T05:44:30Z] [sonnet46]   sonnet46 probe 20 at 2026-09-27T05:44:25Z: fast_pass | wall 5.5s | status=passed exit=0 anomalies=none cost=None
[2026-09-27T05:44:31Z] [sonnet46] launching ADV-LEX-01 run-003
[2026-09-27T05:47:30Z] [sonnet46] post-run ADV-LEX-01/run-003: continue status=completed rank=1 top3=['NumberUtils::apply', 'BitField::wordOffset', 'BitField::widen'] tc=35 cost=0.3382030500000001 contaminated=False
[2026-09-27T05:47:30Z] [sonnet46] gate: need 1 fast probes (before launch)
[2026-09-27T05:47:36Z] [sonnet46]   sonnet46 probe 21 at 2026-09-27T05:47:30Z: fast_pass | wall 5.8s | status=passed exit=0 anomalies=none cost=None
[2026-09-27T05:47:37Z] [sonnet46] launching ADV-OVERLOAD-01 run-001
[2026-09-27T05:51:13Z] [sonnet46] post-run ADV-OVERLOAD-01/run-001: continue status=completed rank=1 top3=['Conversion::hexToLong', 'Conversion::longToHex', 'Conversion::intArrayToLong'] tc=22 cost=0.43878105 contaminated=False
[2026-09-27T05:51:13Z] [sonnet46] gate: need 1 fast probes (before launch)
[2026-09-27T05:51:18Z] [sonnet46]   sonnet46 probe 22 at 2026-09-27T05:51:13Z: fast_pass | wall 5.2s | status=passed exit=0 anomalies=none cost=None
[2026-09-27T05:51:19Z] [sonnet46] launching ADV-OVERLOAD-01 run-002
[2026-09-27T05:54:14Z] [sonnet46] post-run ADV-OVERLOAD-01/run-002: continue status=completed rank=1 top3=['Conversion::hexToLong', 'Conversion::longToHex', 'Conversion::intArrayToLong'] tc=21 cost=0.3891198 contaminated=False
[2026-09-27T05:54:14Z] [sonnet46] gate: need 1 fast probes (before launch)
[2026-09-27T05:54:19Z] [sonnet46]   sonnet46 probe 23 at 2026-09-27T05:54:14Z: fast_pass | wall 5.4s | status=passed exit=0 anomalies=none cost=None
[2026-09-27T05:54:20Z] [sonnet46] launching ADV-OVERLOAD-01 run-003
[2026-09-27T05:57:55Z] [sonnet46] post-run ADV-OVERLOAD-01/run-003: continue status=completed rank=1 top3=['Conversion::hexToLong', 'Conversion::longToHex', 'Conversion::intArrayToLong'] tc=27 cost=0.47732295 contaminated=False
[2026-09-27T05:57:55Z] [sonnet46] gate: need 1 fast probes (before launch)
[2026-09-27T05:58:01Z] [sonnet46]   sonnet46 probe 24 at 2026-09-27T05:57:55Z: fast_pass | wall 5.9s | status=passed exit=0 anomalies=none cost=None
[2026-09-27T05:58:02Z] [sonnet46] launching ADV-OWNER-01 run-001
[2026-09-27T05:59:33Z] [sonnet46] post-run ADV-OWNER-01/run-001: continue status=completed rank=1 top3=['Conversion::longToHex', 'Conversion::hexToLong', 'Conversion::intToHexDigit'] tc=17 cost=0.16544055000000002 contaminated=False
[2026-09-27T05:59:33Z] [sonnet46] gate: need 1 fast probes (before launch)
[2026-09-27T05:59:39Z] [sonnet46]   sonnet46 probe 25 at 2026-09-27T05:59:33Z: fast_pass | wall 5.5s | status=passed exit=0 anomalies=none cost=None
[2026-09-27T05:59:39Z] [sonnet46] launching ADV-OWNER-01 run-002
[2026-09-27T06:01:13Z] [sonnet46] post-run ADV-OWNER-01/run-002: continue status=completed rank=1 top3=['Conversion::longToHex', 'Conversion::hexToLong', 'Conversion::intToHexDigit'] tc=22 cost=0.1802526 contaminated=False
[2026-09-27T06:01:13Z] [sonnet46] gate: need 1 fast probes (before launch)
[2026-09-27T06:01:19Z] [sonnet46]   sonnet46 probe 26 at 2026-09-27T06:01:13Z: fast_pass | wall 5.5s | status=passed exit=0 anomalies=none cost=None
[2026-09-27T06:01:19Z] [sonnet46] launching ADV-OWNER-01 run-003
[2026-09-27T06:03:11Z] [sonnet46] post-run ADV-OWNER-01/run-003: continue status=completed rank=1 top3=['Conversion::longToHex', 'Conversion::hexToLong', 'Conversion::intToHexDigit'] tc=23 cost=0.20939925000000004 contaminated=False
[2026-09-27T06:03:11Z] [sonnet46] BLOCK FINISHED: ADV-DEPTH-01,ADV-REGISTRY-01,ADV-LEX-01,ADV-OVERLOAD-01,ADV-OWNER-01 x3
