[2026-09-27T06:38:00Z] [sonnet46] gate: need 3 fast probes (before launch)
[2026-09-27T06:38:06Z] [sonnet46]   sonnet46 probe 41 at 2026-09-27T06:38:00Z: fast_pass | wall 6.3s | status=passed exit=0 anomalies=none cost=None
[2026-09-27T06:38:12Z] [sonnet46]   sonnet46 probe 42 at 2026-09-27T06:38:06Z: fast_pass | wall 5.6s | status=passed exit=0 anomalies=none cost=None
[2026-09-27T06:38:17Z] [sonnet46]   sonnet46 probe 43 at 2026-09-27T06:38:12Z: fast_pass | wall 5.2s | status=passed exit=0 anomalies=none cost=None
[2026-09-27T06:38:18Z] [sonnet46] launching ADV-DEFINER-01 run-004
[2026-09-27T06:42:02Z] [sonnet46] post-run ADV-DEFINER-01/run-004: continue status=completed rank=5 top3=['PlotUtilities::drift', 'StandardDialScale::rim', 'CompassPlot::ring'] tc=47 cost=0.45688515 contaminated=False
[2026-09-27T06:42:02Z] [sonnet46] gate: need 1 fast probes (before launch)
[2026-09-27T06:42:08Z] [sonnet46]   sonnet46 probe 44 at 2026-09-27T06:42:02Z: fast_pass | wall 5.8s | status=passed exit=0 anomalies=none cost=None
[2026-09-27T06:42:08Z] [sonnet46] launching ADV-DEFINER-01 run-005
[2026-09-27T06:45:36Z] [sonnet46] post-run ADV-DEFINER-01/run-005: continue status=completed rank=5 top3=['PlotUtilities::drift', 'StandardDialScale::rim', 'CompassPlot::ring'] tc=46 cost=0.4234994999999999 contaminated=False
[2026-09-27T06:45:36Z] [sonnet46] gate: need 1 fast probes (before launch)
[2026-09-27T06:45:41Z] [sonnet46]   sonnet46 probe 45 at 2026-09-27T06:45:36Z: fast_pass | wall 5.1s | status=passed exit=0 anomalies=none cost=None
[2026-09-27T06:45:42Z] [sonnet46] launching ADV-DEFINER-01 run-006
[2026-09-27T06:50:45Z] [sonnet46] post-run ADV-DEFINER-01/run-006: infrastructure status=timeout rank=None top3=[] tc=26 cost=0.14798714999999998 contaminated=False
[2026-09-27T06:50:45Z] [sonnet46] gate: need 3 fast probes (before launch)
[2026-09-27T06:50:51Z] [sonnet46]   sonnet46 probe 46 at 2026-09-27T06:50:45Z: fast_pass | wall 5.8s | status=passed exit=0 anomalies=none cost=None
[2026-09-27T06:50:56Z] [sonnet46]   sonnet46 probe 47 at 2026-09-27T06:50:51Z: fast_pass | wall 5.4s | status=passed exit=0 anomalies=none cost=None
[2026-09-27T06:51:01Z] [sonnet46]   sonnet46 probe 48 at 2026-09-27T06:50:56Z: fast_pass | wall 5.1s | status=passed exit=0 anomalies=none cost=None
[2026-09-27T06:51:02Z] [sonnet46] launching ADV-DEFINER-01 run-007
[2026-09-27T06:55:28Z] [sonnet46] post-run ADV-DEFINER-01/run-007: continue status=completed rank=5 top3=['PlotUtilities::drift', 'StandardDialScale::rim', 'CompassPlot::ring'] tc=48 cost=0.46966335000000015 contaminated=False
[2026-09-27T06:55:28Z] [sonnet46] gate: need 1 fast probes (before launch)
[2026-09-27T06:55:34Z] [sonnet46]   sonnet46 probe 49 at 2026-09-27T06:55:28Z: fast_pass | wall 5.4s | status=passed exit=0 anomalies=none cost=None
[2026-09-27T06:55:34Z] [sonnet46] launching ADV-DEFINER-01 run-008
[2026-09-27T06:58:24Z] [sonnet46] post-run ADV-DEFINER-01/run-008: continue status=completed rank=5 top3=['PlotUtilities::drift', 'StandardDialScale::rim', 'CompassPlot::ring'] tc=40 cost=0.3328638000000001 contaminated=False
[2026-09-27T06:58:24Z] [sonnet46] gate: need 1 fast probes (before launch)
[2026-09-27T06:58:31Z] [sonnet46]   sonnet46 probe 50 at 2026-09-27T06:58:24Z: fast_pass | wall 6.6s | status=passed exit=0 anomalies=none cost=None
[2026-09-27T06:58:32Z] [sonnet46] launching ADV-DEFINER-01 run-009
[2026-09-27T07:02:52Z] [sonnet46] post-run ADV-DEFINER-01/run-009: infrastructure status=invalid_ranking rank=None top3=[] tc=50 cost=0.4463376 contaminated=False
[2026-09-27T07:02:52Z] [sonnet46] gate: need 3 fast probes (before launch)
[2026-09-27T07:02:57Z] [sonnet46]   sonnet46 probe 51 at 2026-09-27T07:02:52Z: fast_pass | wall 5.6s | status=passed exit=0 anomalies=none cost=None
[2026-09-27T07:03:03Z] [sonnet46]   sonnet46 probe 52 at 2026-09-27T07:02:57Z: fast_pass | wall 5.1s | status=passed exit=0 anomalies=none cost=None
[2026-09-27T07:03:08Z] [sonnet46]   sonnet46 probe 53 at 2026-09-27T07:03:03Z: fast_pass | wall 5.2s | status=passed exit=0 anomalies=none cost=None
[2026-09-27T07:03:08Z] [sonnet46] launching ADV-DEFINER-01 run-010
[2026-09-27T07:06:25Z] [sonnet46] post-run ADV-DEFINER-01/run-010: continue status=completed rank=5 top3=['PlotUtilities::drift', 'PiePlot::getArcBounds', 'CompassPlot::ring'] tc=37 cost=0.39282855 contaminated=False
[2026-09-27T07:06:25Z] [sonnet46] gate: need 1 fast probes (before launch)
[2026-09-27T07:06:31Z] [sonnet46]   sonnet46 probe 54 at 2026-09-27T07:06:25Z: fast_pass | wall 6.4s | status=passed exit=0 anomalies=none cost=None
[2026-09-27T07:06:32Z] [sonnet46] launching ADV-MASK-01 run-004
[2026-09-27T07:11:34Z] [sonnet46] post-run ADV-MASK-01/run-004: infrastructure status=timeout rank=None top3=[] tc=18 cost=0.09783600000000002 contaminated=False
[2026-09-27T07:11:34Z] [sonnet46] gate: need 3 fast probes (before launch)
[2026-09-27T07:11:40Z] [sonnet46]   sonnet46 probe 55 at 2026-09-27T07:11:34Z: fast_pass | wall 6.5s | status=passed exit=0 anomalies=none cost=None
[2026-09-27T07:11:45Z] [sonnet46]   sonnet46 probe 56 at 2026-09-27T07:11:40Z: fast_pass | wall 5.1s | status=passed exit=0 anomalies=none cost=None
[2026-09-27T07:11:51Z] [sonnet46]   sonnet46 probe 57 at 2026-09-27T07:11:45Z: fast_pass | wall 5.2s | status=passed exit=0 anomalies=none cost=None
[2026-09-27T07:11:51Z] [sonnet46] launching ADV-MASK-01 run-005
[2026-09-27T07:16:53Z] [sonnet46] post-run ADV-MASK-01/run-005: infrastructure status=timeout rank=None top3=[] tc=21 cost=0.1104771 contaminated=False
[2026-09-27T07:16:53Z] [sonnet46] gate: need 3 fast probes (before launch)
[2026-09-27T07:17:00Z] [sonnet46]   sonnet46 probe 58 at 2026-09-27T07:16:53Z: fast_pass | wall 6.8s | status=passed exit=0 anomalies=none cost=None
[2026-09-27T07:17:05Z] [sonnet46]   sonnet46 probe 59 at 2026-09-27T07:17:00Z: fast_pass | wall 5.3s | status=passed exit=0 anomalies=none cost=None
[2026-09-27T07:17:10Z] [sonnet46]   sonnet46 probe 60 at 2026-09-27T07:17:05Z: fast_pass | wall 5.2s | status=passed exit=0 anomalies=none cost=None
[2026-09-27T07:17:11Z] [sonnet46] launching ADV-MASK-01 run-006
[2026-09-27T07:22:13Z] [sonnet46] post-run ADV-MASK-01/run-006: infrastructure status=timeout rank=None top3=[] tc=15 cost=0.0843972 contaminated=False
[2026-09-27T07:22:13Z] [sonnet46] gate: need 3 fast probes (before launch)
[2026-09-27T07:22:18Z] [sonnet46]   sonnet46 probe 61 at 2026-09-27T07:22:13Z: fast_pass | wall 5.2s | status=passed exit=0 anomalies=none cost=None
[2026-09-27T07:22:24Z] [sonnet46]   sonnet46 probe 62 at 2026-09-27T07:22:18Z: fast_pass | wall 5.2s | status=passed exit=0 anomalies=none cost=None
[2026-09-27T07:22:29Z] [sonnet46]   sonnet46 probe 63 at 2026-09-27T07:22:24Z: fast_pass | wall 5.4s | status=passed exit=0 anomalies=none cost=None
[2026-09-27T07:22:30Z] [sonnet46] launching ADV-MASK-01 run-007
[2026-09-27T07:25:46Z] [sonnet46] post-run ADV-MASK-01/run-007: continue status=completed rank=4 top3=['NumberUtils::overlay', 'ObjectUtils::combine', 'BitField::widen'] tc=44 cost=0.4301736 contaminated=False
[2026-09-27T07:25:46Z] [sonnet46] gate: need 1 fast probes (before launch)
[2026-09-27T07:25:52Z] [sonnet46]   sonnet46 probe 64 at 2026-09-27T07:25:46Z: fast_pass | wall 5.3s | status=passed exit=0 anomalies=none cost=None
[2026-09-27T07:25:52Z] [sonnet46] launching ADV-MASK-01 run-008
[2026-09-27T07:29:24Z] [sonnet46] post-run ADV-MASK-01/run-008: continue status=completed rank=4 top3=['NumberUtils::overlay', 'ObjectUtils::combine', 'BitField::widen'] tc=49 cost=0.4572621000000001 contaminated=False
[2026-09-27T07:29:24Z] [sonnet46] gate: need 1 fast probes (before launch)
[2026-09-27T07:29:29Z] [sonnet46]   sonnet46 probe 65 at 2026-09-27T07:29:24Z: fast_pass | wall 5.6s | status=passed exit=0 anomalies=none cost=None
[2026-09-27T07:29:30Z] [sonnet46] launching ADV-MASK-01 run-009
[2026-09-27T07:34:32Z] [sonnet46] post-run ADV-MASK-01/run-009: infrastructure status=timeout rank=None top3=[] tc=17 cost=0.0946071 contaminated=False
[2026-09-27T07:34:32Z] [sonnet46] gate: need 3 fast probes (before launch)
[2026-09-27T07:34:38Z] [sonnet46]   sonnet46 probe 66 at 2026-09-27T07:34:32Z: fast_pass | wall 6.4s | status=passed exit=0 anomalies=none cost=None
[2026-09-27T07:34:43Z] [sonnet46]   sonnet46 probe 67 at 2026-09-27T07:34:38Z: fast_pass | wall 5.1s | status=passed exit=0 anomalies=none cost=None
[2026-09-27T07:34:49Z] [sonnet46]   sonnet46 probe 68 at 2026-09-27T07:34:43Z: fast_pass | wall 5.4s | status=passed exit=0 anomalies=none cost=None
[2026-09-27T07:34:49Z] [sonnet46] launching ADV-MASK-01 run-010
[2026-09-27T07:38:01Z] [sonnet46] post-run ADV-MASK-01/run-010: continue status=completed rank=4 top3=['NumberUtils::overlay', 'ObjectUtils::combine', 'BitField::widen'] tc=40 cost=0.34757475 contaminated=False
[2026-09-27T07:38:01Z] [sonnet46] gate: need 1 fast probes (before launch)
[2026-09-27T07:38:07Z] [sonnet46]   sonnet46 probe 69 at 2026-09-27T07:38:01Z: fast_pass | wall 5.6s | status=passed exit=0 anomalies=none cost=None
[2026-09-27T07:38:07Z] [sonnet46] launching ADV-LEX-01 run-004
[2026-09-27T07:43:09Z] [sonnet46] post-run ADV-LEX-01/run-004: infrastructure status=timeout rank=None top3=[] tc=31 cost=0.24868769999999998 contaminated=False
[2026-09-27T07:43:09Z] [sonnet46] gate: need 3 fast probes (before launch)
[2026-09-27T07:43:16Z] [sonnet46]   sonnet46 probe 70 at 2026-09-27T07:43:09Z: fast_pass | wall 6.5s | status=passed exit=0 anomalies=none cost=None
[2026-09-27T07:43:21Z] [sonnet46]   sonnet46 probe 71 at 2026-09-27T07:43:16Z: fast_pass | wall 5.1s | status=passed exit=0 anomalies=none cost=None
[2026-09-27T07:43:26Z] [sonnet46]   sonnet46 probe 72 at 2026-09-27T07:43:21Z: fast_pass | wall 5.1s | status=passed exit=0 anomalies=none cost=None
[2026-09-27T07:43:27Z] [sonnet46] launching ADV-LEX-01 run-005
[2026-09-27T07:46:20Z] [sonnet46] post-run ADV-LEX-01/run-005: continue status=completed rank=1 top3=['NumberUtils::apply', 'BitField::wordOffset', 'BitField::widen'] tc=36 cost=0.3443445 contaminated=False
[2026-09-27T07:46:20Z] [sonnet46] gate: need 1 fast probes (before launch)
[2026-09-27T07:46:26Z] [sonnet46]   sonnet46 probe 73 at 2026-09-27T07:46:20Z: fast_pass | wall 5.9s | status=passed exit=0 anomalies=none cost=None
[2026-09-27T07:46:27Z] [sonnet46] launching ADV-LEX-01 run-006
[2026-09-27T07:51:28Z] [sonnet46] post-run ADV-LEX-01/run-006: infrastructure status=timeout rank=None top3=[] tc=18 cost=0.1243929 contaminated=False
[2026-09-27T07:51:28Z] [sonnet46] gate: need 3 fast probes (before launch)
[2026-09-27T07:51:35Z] [sonnet46]   sonnet46 probe 74 at 2026-09-27T07:51:28Z: fast_pass | wall 6.6s | status=passed exit=0 anomalies=none cost=None
[2026-09-27T07:51:40Z] [sonnet46]   sonnet46 probe 75 at 2026-09-27T07:51:35Z: fast_pass | wall 5.2s | status=passed exit=0 anomalies=none cost=None
[2026-09-27T07:51:45Z] [sonnet46]   sonnet46 probe 76 at 2026-09-27T07:51:40Z: fast_pass | wall 5.0s | status=passed exit=0 anomalies=none cost=None
[2026-09-27T07:51:46Z] [sonnet46] launching ADV-LEX-01 run-007
[2026-09-27T07:54:39Z] [sonnet46] post-run ADV-LEX-01/run-007: continue status=completed rank=1 top3=['NumberUtils::apply', 'BitField::wordOffset', 'BitField::widen'] tc=36 cost=0.3358149000000001 contaminated=False
[2026-09-27T07:54:39Z] [sonnet46] gate: need 1 fast probes (before launch)
[2026-09-27T07:54:45Z] [sonnet46]   sonnet46 probe 77 at 2026-09-27T07:54:39Z: fast_pass | wall 5.8s | status=passed exit=0 anomalies=none cost=None
[2026-09-27T07:54:45Z] [sonnet46] launching ADV-LEX-01 run-008
[2026-09-27T07:57:50Z] [sonnet46] post-run ADV-LEX-01/run-008: continue status=completed rank=1 top3=['NumberUtils::apply', 'BitField::wordOffset', 'ObjectUtils::combine'] tc=31 cost=0.32277255 contaminated=False
[2026-09-27T07:57:50Z] [sonnet46] gate: need 1 fast probes (before launch)
[2026-09-27T07:57:56Z] [sonnet46]   sonnet46 probe 78 at 2026-09-27T07:57:50Z: fast_pass | wall 6.1s | status=passed exit=0 anomalies=none cost=None
[2026-09-27T07:57:57Z] [sonnet46] launching ADV-LEX-01 run-009
[2026-09-27T08:02:59Z] [sonnet46] post-run ADV-LEX-01/run-009: infrastructure status=timeout rank=None top3=[] tc=31 cost=0.27485145000000005 contaminated=False
[2026-09-27T08:02:59Z] [sonnet46] gate: need 3 fast probes (before launch)
[2026-09-27T08:03:05Z] [sonnet46]   sonnet46 probe 79 at 2026-09-27T08:02:59Z: fast_pass | wall 6.5s | status=passed exit=0 anomalies=none cost=None
[2026-09-27T08:03:11Z] [sonnet46]   sonnet46 probe 80 at 2026-09-27T08:03:05Z: fast_pass | wall 5.4s | status=passed exit=0 anomalies=none cost=None
[2026-09-27T08:03:16Z] [sonnet46]   sonnet46 probe 81 at 2026-09-27T08:03:11Z: fast_pass | wall 5.1s | status=passed exit=0 anomalies=none cost=None
[2026-09-27T08:03:17Z] [sonnet46] launching ADV-LEX-01 run-010
[2026-09-27T08:06:45Z] [sonnet46] post-run ADV-LEX-01/run-010: continue status=completed rank=1 top3=['NumberUtils::apply', 'BitField::wordOffset', 'ObjectUtils::combine'] tc=42 cost=0.39650610000000003 contaminated=False
[2026-09-27T08:06:45Z] [sonnet46] gate: need 1 fast probes (before launch)
[2026-09-27T08:06:51Z] [sonnet46]   sonnet46 probe 82 at 2026-09-27T08:06:45Z: fast_pass | wall 5.7s | status=passed exit=0 anomalies=none cost=None
[2026-09-27T08:06:52Z] [sonnet46] launching CONVERSION-LONG-TREATMENT-01 run-001
[2026-09-27T08:11:54Z] [sonnet46] post-run CONVERSION-LONG-TREATMENT-01/run-001: infrastructure status=timeout rank=None top3=[] tc=18 cost=0.099387 contaminated=False
[2026-09-27T08:11:54Z] [sonnet46] gate: need 3 fast probes (before launch)
[2026-09-27T08:12:00Z] [sonnet46]   sonnet46 probe 83 at 2026-09-27T08:11:54Z: fast_pass | wall 6.5s | status=passed exit=0 anomalies=none cost=None
[2026-09-27T08:12:05Z] [sonnet46]   sonnet46 probe 84 at 2026-09-27T08:12:00Z: fast_pass | wall 5.4s | status=passed exit=0 anomalies=none cost=None
[2026-09-27T08:12:11Z] [sonnet46]   sonnet46 probe 85 at 2026-09-27T08:12:05Z: fast_pass | wall 5.2s | status=passed exit=0 anomalies=none cost=None
[2026-09-27T08:12:11Z] [sonnet46] launching CONVERSION-LONG-TREATMENT-01 run-002
[2026-09-27T08:15:02Z] [sonnet46] post-run CONVERSION-LONG-TREATMENT-01/run-002: continue status=completed rank=1 top3=['NumberUtils::overlay', 'ObjectUtils::combine', 'BitField::widen'] tc=36 cost=0.3165618 contaminated=False
[2026-09-27T08:15:02Z] [sonnet46] gate: need 1 fast probes (before launch)
[2026-09-27T08:15:07Z] [sonnet46]   sonnet46 probe 86 at 2026-09-27T08:15:02Z: fast_pass | wall 5.4s | status=passed exit=0 anomalies=none cost=None
[2026-09-27T08:15:08Z] [sonnet46] launching CONVERSION-LONG-TREATMENT-01 run-003
[2026-09-27T08:20:10Z] [sonnet46] post-run CONVERSION-LONG-TREATMENT-01/run-003: infrastructure status=timeout rank=None top3=[] tc=17 cost=0.09360570000000001 contaminated=False
[2026-09-27T08:20:10Z] [sonnet46] gate: need 3 fast probes (before launch)
[2026-09-27T08:20:16Z] [sonnet46]   sonnet46 probe 87 at 2026-09-27T08:20:10Z: fast_pass | wall 6.5s | status=passed exit=0 anomalies=none cost=None
[2026-09-27T08:20:21Z] [sonnet46]   sonnet46 probe 88 at 2026-09-27T08:20:16Z: fast_pass | wall 5.1s | status=passed exit=0 anomalies=none cost=None
[2026-09-27T08:20:27Z] [sonnet46]   sonnet46 probe 89 at 2026-09-27T08:20:21Z: fast_pass | wall 5.1s | status=passed exit=0 anomalies=none cost=None
[2026-09-27T08:20:27Z] [sonnet46] launching CONVERSION-LONG-TREATMENT-01 run-004
[2026-09-27T08:23:15Z] [sonnet46] post-run CONVERSION-LONG-TREATMENT-01/run-004: continue status=completed rank=1 top3=['NumberUtils::overlay', 'ObjectUtils::combine', 'BitField::widen'] tc=34 cost=0.30984465000000005 contaminated=False
[2026-09-27T08:23:15Z] [sonnet46] gate: need 1 fast probes (before launch)
[2026-09-27T08:23:21Z] [sonnet46]   sonnet46 probe 90 at 2026-09-27T08:23:15Z: fast_pass | wall 5.7s | status=passed exit=0 anomalies=none cost=None
[2026-09-27T08:23:21Z] [sonnet46] launching CONVERSION-LONG-TREATMENT-01 run-005
[2026-09-27T08:27:25Z] [sonnet46] post-run CONVERSION-LONG-TREATMENT-01/run-005: infrastructure status=invalid_ranking rank=None top3=[] tc=52 cost=0.5614030500000002 contaminated=False
[2026-09-27T08:27:25Z] [sonnet46] gate: need 3 fast probes (before launch)
[2026-09-27T08:27:31Z] [sonnet46]   sonnet46 probe 91 at 2026-09-27T08:27:25Z: fast_pass | wall 5.7s | status=passed exit=0 anomalies=none cost=None
[2026-09-27T08:27:36Z] [sonnet46]   sonnet46 probe 92 at 2026-09-27T08:27:31Z: fast_pass | wall 5.1s | status=passed exit=0 anomalies=none cost=None
[2026-09-27T08:27:41Z] [sonnet46]   sonnet46 probe 93 at 2026-09-27T08:27:36Z: fast_pass | wall 5.0s | status=passed exit=0 anomalies=none cost=None
[2026-09-27T08:27:42Z] [sonnet46] launching CONVERSION-LONG-TREATMENT-01 run-006
[2026-09-27T08:32:44Z] [sonnet46] post-run CONVERSION-LONG-TREATMENT-01/run-006: infrastructure status=timeout rank=None top3=[] tc=17 cost=0.09943979999999997 contaminated=False
[2026-09-27T08:32:44Z] [sonnet46] gate: need 3 fast probes (before launch)
[2026-09-27T08:32:50Z] [sonnet46]   sonnet46 probe 94 at 2026-09-27T08:32:44Z: fast_pass | wall 6.5s | status=passed exit=0 anomalies=none cost=None
[2026-09-27T08:32:56Z] [sonnet46]   sonnet46 probe 95 at 2026-09-27T08:32:50Z: fast_pass | wall 5.3s | status=passed exit=0 anomalies=none cost=None
[2026-09-27T08:33:01Z] [sonnet46]   sonnet46 probe 96 at 2026-09-27T08:32:56Z: fast_pass | wall 5.1s | status=passed exit=0 anomalies=none cost=None
[2026-09-27T08:33:01Z] [sonnet46] launching CONVERSION-LONG-TREATMENT-01 run-007
[2026-09-27T08:36:07Z] [sonnet46] post-run CONVERSION-LONG-TREATMENT-01/run-007: continue status=completed rank=1 top3=['NumberUtils::overlay', 'ObjectUtils::combine', 'Conversion::intArrayToLong'] tc=41 cost=0.37614075 contaminated=False
[2026-09-27T08:36:07Z] [sonnet46] gate: need 1 fast probes (before launch)
[2026-09-27T08:36:13Z] [sonnet46]   sonnet46 probe 97 at 2026-09-27T08:36:07Z: fast_pass | wall 5.6s | status=passed exit=0 anomalies=none cost=None
[2026-09-27T08:36:13Z] [sonnet46] launching CONVERSION-LONG-TREATMENT-01 run-008
[2026-09-27T08:39:01Z] [sonnet46] post-run CONVERSION-LONG-TREATMENT-01/run-008: continue status=completed rank=1 top3=['NumberUtils::overlay', 'ObjectUtils::combine', 'BitField::widen'] tc=33 cost=0.30164475 contaminated=False
[2026-09-27T08:39:01Z] [sonnet46] gate: need 1 fast probes (before launch)
[2026-09-27T08:39:07Z] [sonnet46]   sonnet46 probe 98 at 2026-09-27T08:39:01Z: fast_pass | wall 5.8s | status=passed exit=0 anomalies=none cost=None
[2026-09-27T08:39:07Z] [sonnet46] launching CONVERSION-LONG-TREATMENT-01 run-009
[2026-09-27T08:43:28Z] [sonnet46] post-run CONVERSION-LONG-TREATMENT-01/run-009: continue status=completed rank=1 top3=['NumberUtils::overlay', 'ObjectUtils::combine', 'BitField::widen'] tc=47 cost=0.4512834000000001 contaminated=False
[2026-09-27T08:43:28Z] [sonnet46] gate: need 1 fast probes (before launch)
[2026-09-27T08:43:34Z] [sonnet46]   sonnet46 probe 99 at 2026-09-27T08:43:28Z: fast_pass | wall 6.0s | status=passed exit=0 anomalies=none cost=None
[2026-09-27T08:43:34Z] [sonnet46] launching CONVERSION-LONG-TREATMENT-01 run-010
[2026-09-27T08:46:47Z] [sonnet46] post-run CONVERSION-LONG-TREATMENT-01/run-010: continue status=completed rank=1 top3=['NumberUtils::overlay', 'ObjectUtils::combine', 'BitField::widen'] tc=41 cost=0.3969693 contaminated=False
[2026-09-27T08:46:47Z] [sonnet46] BLOCK FINISHED: ADV-DEFINER-01,ADV-MASK-01,ADV-LEX-01,CONVERSION-LONG-TREATMENT-01 x10
