[2026-09-27T07:22:11Z] [opus55t] gate: need 3 fast probes (before launch)
[2026-09-27T07:22:18Z] [opus55t]   opus55t probe 1 at 2026-09-27T07:22:11Z: fast_pass | wall 6.9s | status=passed exit=0 anomalies=none cost=None
[2026-09-27T07:22:23Z] [opus55t]   opus55t probe 2 at 2026-09-27T07:22:18Z: fast_pass | wall 5.6s | status=passed exit=0 anomalies=none cost=None
[2026-09-27T07:22:29Z] [opus55t]   opus55t probe 3 at 2026-09-27T07:22:23Z: fast_pass | wall 5.7s | status=passed exit=0 anomalies=none cost=None
[2026-09-27T07:22:30Z] [opus55t] launching ADV-DEFINER-01 run-001
[2026-09-27T07:23:14Z] [opus55t] post-run ADV-DEFINER-01/run-001: continue status=completed rank=2 top3=['PlotUtilities::drift', 'Plot::nudge', 'ShapeUtilities::shift'] tc=8 cost=0.1176392 contaminated=False
[2026-09-27T07:23:14Z] [opus55t] gate: need 1 fast probes (before launch)
[2026-09-27T07:23:19Z] [opus55t]   opus55t probe 4 at 2026-09-27T07:23:14Z: fast_pass | wall 5.5s | status=passed exit=0 anomalies=none cost=None
[2026-09-27T07:23:20Z] [opus55t] launching ADV-DEFINER-01 run-002
[2026-09-27T07:23:56Z] [opus55t] post-run ADV-DEFINER-01/run-002: continue status=completed rank=2 top3=['PlotUtilities::drift', 'Plot::nudge', 'ShapeUtilities::shift'] tc=6 cost=0.08987620000000002 contaminated=False
[2026-09-27T07:23:56Z] [opus55t] gate: need 1 fast probes (before launch)
[2026-09-27T07:24:02Z] [opus55t]   opus55t probe 5 at 2026-09-27T07:23:56Z: fast_pass | wall 5.7s | status=passed exit=0 anomalies=none cost=None
[2026-09-27T07:24:02Z] [opus55t] launching ADV-DEFINER-01 run-003
[2026-09-27T07:24:36Z] [opus55t] post-run ADV-DEFINER-01/run-003: continue status=completed rank=2 top3=['PlotUtilities::drift', 'Plot::nudge', 'StandardDialScale::rim'] tc=6 cost=0.087029 contaminated=False
[2026-09-27T07:24:36Z] [opus55t] gate: need 1 fast probes (before launch)
[2026-09-27T07:24:42Z] [opus55t]   opus55t probe 6 at 2026-09-27T07:24:36Z: fast_pass | wall 5.8s | status=passed exit=0 anomalies=none cost=None
[2026-09-27T07:24:43Z] [opus55t] launching ADV-DEFINER-01 run-004
[2026-09-27T07:25:20Z] [opus55t] post-run ADV-DEFINER-01/run-004: continue status=completed rank=2 top3=['PlotUtilities::drift', 'Plot::nudge', 'ShapeUtilities::shift'] tc=6 cost=0.0928384 contaminated=False
[2026-09-27T07:25:20Z] [opus55t] gate: need 1 fast probes (before launch)
[2026-09-27T07:25:26Z] [opus55t]   opus55t probe 7 at 2026-09-27T07:25:20Z: fast_pass | wall 5.9s | status=passed exit=0 anomalies=none cost=None
[2026-09-27T07:25:27Z] [opus55t] launching ADV-DEFINER-01 run-005
[2026-09-27T07:26:08Z] [opus55t] post-run ADV-DEFINER-01/run-005: continue status=completed rank=1 top3=['Plot::nudge', 'StandardDialScale::rim', 'PlotUtilities::drift'] tc=7 cost=0.11330180000000001 contaminated=False
[2026-09-27T07:26:08Z] [opus55t] BLOCK FINISHED: ADV-DEFINER-01 x5
