[2026-09-27T09:27:14Z] [sonnet46t] gate: need 3 fast probes (before launch)
[2026-09-27T09:27:22Z] [sonnet46t]   sonnet46t probe 1 at 2026-09-27T09:27:14Z: fast_pass | wall 7.5s | status=passed exit=0 anomalies=none cost=None
[2026-09-27T09:27:28Z] [sonnet46t]   sonnet46t probe 2 at 2026-09-27T09:27:22Z: fast_pass | wall 6.1s | status=passed exit=0 anomalies=none cost=None
[2026-09-27T09:27:34Z] [sonnet46t]   sonnet46t probe 3 at 2026-09-27T09:27:28Z: fast_pass | wall 6.2s | status=passed exit=0 anomalies=none cost=None
[2026-09-27T09:27:35Z] [sonnet46t] launching ADV-DEFINER-01 run-001
[2026-09-27T09:31:05Z] [sonnet46t] post-run ADV-DEFINER-01/run-001: continue status=completed rank=5 top3=['PlotUtilities::drift', 'StandardDialScale::rim', 'CompassPlot::ring'] tc=43 cost=0.3950530500000001 contaminated=False
[2026-09-27T09:31:05Z] [sonnet46t] gate: need 1 fast probes (before launch)
[2026-09-27T09:31:11Z] [sonnet46t]   sonnet46t probe 4 at 2026-09-27T09:31:05Z: fast_pass | wall 6.0s | status=passed exit=0 anomalies=none cost=None
[2026-09-27T09:31:12Z] [sonnet46t] launching ADV-DEFINER-01 run-002
[2026-09-27T09:35:37Z] [sonnet46t] post-run ADV-DEFINER-01/run-002: infrastructure status=invalid_ranking rank=None top3=[] tc=54 cost=0.51784785 contaminated=False
[2026-09-27T09:35:37Z] [sonnet46t] gate: need 3 fast probes (before launch)
[2026-09-27T09:35:43Z] [sonnet46t]   sonnet46t probe 5 at 2026-09-27T09:35:37Z: fast_pass | wall 5.8s | status=passed exit=0 anomalies=none cost=None
[2026-09-27T09:35:48Z] [sonnet46t]   sonnet46t probe 6 at 2026-09-27T09:35:43Z: fast_pass | wall 5.1s | status=passed exit=0 anomalies=none cost=None
[2026-09-27T09:35:53Z] [sonnet46t]   sonnet46t probe 7 at 2026-09-27T09:35:48Z: fast_pass | wall 5.2s | status=passed exit=0 anomalies=none cost=None
[2026-09-27T09:35:54Z] [sonnet46t] launching ADV-DEFINER-01 run-003
[2026-09-27T09:39:23Z] [sonnet46t] post-run ADV-DEFINER-01/run-003: continue status=completed rank=5 top3=['PlotUtilities::drift', 'StandardDialScale::rim', 'CompassPlot::ring'] tc=45 cost=0.42781365 contaminated=False
[2026-09-27T09:39:23Z] [sonnet46t] gate: need 1 fast probes (before launch)
[2026-09-27T09:39:29Z] [sonnet46t]   sonnet46t probe 8 at 2026-09-27T09:39:23Z: fast_pass | wall 5.2s | status=passed exit=0 anomalies=none cost=None
[2026-09-27T09:39:29Z] [sonnet46t] launching ADV-DEFINER-01 run-004
[2026-09-27T09:42:53Z] [sonnet46t] post-run ADV-DEFINER-01/run-004: continue status=completed rank=5 top3=['PlotUtilities::drift', 'StandardDialScale::rim', 'CompassPlot::ring'] tc=47 cost=0.42066195 contaminated=False
[2026-09-27T09:42:53Z] [sonnet46t] gate: need 1 fast probes (before launch)
[2026-09-27T09:42:58Z] [sonnet46t]   sonnet46t probe 9 at 2026-09-27T09:42:53Z: fast_pass | wall 5.5s | status=passed exit=0 anomalies=none cost=None
[2026-09-27T09:42:59Z] [sonnet46t] launching ADV-DEFINER-01 run-005
[2026-09-27T09:45:46Z] [sonnet46t] post-run ADV-DEFINER-01/run-005: continue status=completed rank=5 top3=['PlotUtilities::drift', 'StandardDialScale::rim', 'CompassPlot::ring'] tc=36 cost=0.30742605 contaminated=False
[2026-09-27T09:45:46Z] [sonnet46t] BLOCK FINISHED: ADV-DEFINER-01 x5
