[2026-09-27T05:18:14Z] [haiku45] gate: need 3 fast probes (before launch)
[2026-09-27T05:18:19Z] [haiku45]   haiku45 probe 4 at 2026-09-27T05:18:14Z: fast_pass | wall 5.1s | status=passed exit=0 anomalies=none cost=None
[2026-09-27T05:18:23Z] [haiku45]   haiku45 probe 5 at 2026-09-27T05:18:19Z: fast_pass | wall 4.6s | status=passed exit=0 anomalies=none cost=None
[2026-09-27T05:18:28Z] [haiku45]   haiku45 probe 6 at 2026-09-27T05:18:23Z: fast_pass | wall 4.6s | status=passed exit=0 anomalies=none cost=None
[2026-09-27T05:18:29Z] [haiku45] launching ADV-DEPTH-01 run-001
[2026-09-27T05:21:07Z] [haiku45] post-run ADV-DEPTH-01/run-001: continue status=completed rank=1 top3=['BitField::widen', 'Conversion::intArrayToLong', 'ObjectUtils::combine'] tc=47 cost=0.29538699999999996 contaminated=False
[2026-09-27T05:21:07Z] [haiku45] gate: need 1 fast probes (before launch)
[2026-09-27T05:21:12Z] [haiku45]   haiku45 probe 7 at 2026-09-27T05:21:07Z: fast_pass | wall 4.9s | status=passed exit=0 anomalies=none cost=None
[2026-09-27T05:21:13Z] [haiku45] launching ADV-DEPTH-01 run-002
[2026-09-27T05:23:40Z] [haiku45] post-run ADV-DEPTH-01/run-002: infrastructure status=invalid_ranking rank=None top3=[] tc=50 cost=0.1905645 contaminated=False
[2026-09-27T05:23:40Z] [haiku45] gate: need 3 fast probes (before launch)
[2026-09-27T05:23:45Z] [haiku45]   haiku45 probe 8 at 2026-09-27T05:23:40Z: fast_pass | wall 4.8s | status=passed exit=0 anomalies=none cost=None
[2026-09-27T05:23:49Z] [haiku45]   haiku45 probe 9 at 2026-09-27T05:23:45Z: fast_pass | wall 4.5s | status=passed exit=0 anomalies=none cost=None
[2026-09-27T05:23:54Z] [haiku45]   haiku45 probe 10 at 2026-09-27T05:23:49Z: fast_pass | wall 4.5s | status=passed exit=0 anomalies=none cost=None
[2026-09-27T05:23:54Z] [haiku45] launching ADV-DEPTH-01 run-003
[2026-09-27T05:26:03Z] [haiku45] post-run ADV-DEPTH-01/run-003: infrastructure status=invalid_ranking rank=None top3=[] tc=50 cost=0.17189835 contaminated=False
[2026-09-27T05:26:03Z] [haiku45] gate: need 3 fast probes (before launch)
[2026-09-27T05:26:09Z] [haiku45]   haiku45 probe 11 at 2026-09-27T05:26:03Z: fast_pass | wall 5.7s | status=passed exit=0 anomalies=none cost=None
[2026-09-27T05:26:13Z] [haiku45]   haiku45 probe 12 at 2026-09-27T05:26:09Z: fast_pass | wall 4.6s | status=passed exit=0 anomalies=none cost=None
[2026-09-27T05:26:19Z] [haiku45]   haiku45 probe 13 at 2026-09-27T05:26:13Z: fast_pass | wall 5.6s | status=passed exit=0 anomalies=none cost=None
[2026-09-27T05:26:20Z] [haiku45] launching ADV-REGISTRY-01 run-001
[2026-09-27T05:28:28Z] [haiku45] post-run ADV-REGISTRY-01/run-001: continue status=completed rank=1 top3=['Packer32::pack', 'Conversion::intArrayToLong', 'Packers::forSource'] tc=38 cost=0.14253605 contaminated=False
[2026-09-27T05:28:28Z] [haiku45] gate: need 1 fast probes (before launch)
[2026-09-27T05:28:33Z] [haiku45]   haiku45 probe 14 at 2026-09-27T05:28:28Z: fast_pass | wall 5.1s | status=passed exit=0 anomalies=none cost=None
[2026-09-27T05:28:34Z] [haiku45] launching ADV-REGISTRY-01 run-002
[2026-09-27T05:31:32Z] [haiku45] post-run ADV-REGISTRY-01/run-002: infrastructure status=invalid_ranking rank=None top3=[] tc=50 cost=0.21528875000000003 contaminated=False
[2026-09-27T05:31:32Z] [haiku45] gate: need 3 fast probes (before launch)
[2026-09-27T05:31:37Z] [haiku45]   haiku45 probe 15 at 2026-09-27T05:31:32Z: fast_pass | wall 4.9s | status=passed exit=0 anomalies=none cost=None
[2026-09-27T05:31:41Z] [haiku45]   haiku45 probe 16 at 2026-09-27T05:31:37Z: fast_pass | wall 4.6s | status=passed exit=0 anomalies=none cost=None
[2026-09-27T05:31:46Z] [haiku45]   haiku45 probe 17 at 2026-09-27T05:31:41Z: fast_pass | wall 4.5s | status=passed exit=0 anomalies=none cost=None
[2026-09-27T05:31:46Z] [haiku45] launching ADV-REGISTRY-01 run-003
[2026-09-27T05:33:27Z] [haiku45] post-run ADV-REGISTRY-01/run-003: continue status=completed rank=1 top3=['Packer32::pack', 'Conversion::intArrayToLong', 'Packers::forSource'] tc=31 cost=0.27259340000000004 contaminated=False
[2026-09-27T05:33:27Z] [haiku45] gate: need 1 fast probes (before launch)
[2026-09-27T05:33:32Z] [haiku45]   haiku45 probe 18 at 2026-09-27T05:33:27Z: fast_pass | wall 4.7s | status=passed exit=0 anomalies=none cost=None
[2026-09-27T05:33:32Z] [haiku45] launching ADV-LEX-01 run-001
[2026-09-27T05:35:15Z] [haiku45] post-run ADV-LEX-01/run-001: infrastructure status=invalid_ranking rank=None top3=[] tc=50 cost=0.1563124 contaminated=False
[2026-09-27T05:35:15Z] [haiku45] gate: need 3 fast probes (before launch)
[2026-09-27T05:35:20Z] [haiku45]   haiku45 probe 19 at 2026-09-27T05:35:15Z: fast_pass | wall 5.7s | status=passed exit=0 anomalies=none cost=None
[2026-09-27T05:35:25Z] [haiku45]   haiku45 probe 20 at 2026-09-27T05:35:20Z: fast_pass | wall 4.8s | status=passed exit=0 anomalies=none cost=None
[2026-09-27T05:35:30Z] [haiku45]   haiku45 probe 21 at 2026-09-27T05:35:25Z: fast_pass | wall 4.6s | status=passed exit=0 anomalies=none cost=None
[2026-09-27T05:35:30Z] [haiku45] launching ADV-LEX-01 run-002
[2026-09-27T05:37:33Z] [haiku45] post-run ADV-LEX-01/run-002: infrastructure status=provider_error rank=None top3=[] tc=43 cost=0.14228094999999996 contaminated=False
[2026-09-27T05:37:33Z] [haiku45] gate: need 3 fast probes (before launch)
[2026-09-27T05:37:38Z] [haiku45]   haiku45 probe 22 at 2026-09-27T05:37:33Z: fast_pass | wall 5.0s | status=passed exit=0 anomalies=none cost=None
[2026-09-27T05:37:43Z] [haiku45]   haiku45 probe 23 at 2026-09-27T05:37:38Z: fast_pass | wall 4.6s | status=passed exit=0 anomalies=none cost=None
[2026-09-27T05:37:47Z] [haiku45]   haiku45 probe 24 at 2026-09-27T05:37:43Z: fast_pass | wall 4.5s | status=passed exit=0 anomalies=none cost=None
[2026-09-27T05:37:48Z] [haiku45] launching ADV-LEX-01 run-003
[2026-09-27T05:39:32Z] [haiku45] post-run ADV-LEX-01/run-003: continue status=completed rank=1 top3=['NumberUtils::apply', 'BitField::wordOffset', 'ObjectUtils::combine'] tc=42 cost=0.33902449999999995 contaminated=False
[2026-09-27T05:39:32Z] [haiku45] gate: need 1 fast probes (before launch)
[2026-09-27T05:39:37Z] [haiku45]   haiku45 probe 25 at 2026-09-27T05:39:32Z: fast_pass | wall 4.9s | status=passed exit=0 anomalies=none cost=None
[2026-09-27T05:39:37Z] [haiku45] launching ADV-OVERLOAD-01 run-001
[2026-09-27T05:42:24Z] [haiku45] post-run ADV-OVERLOAD-01/run-001: continue status=completed rank=1 top3=['Conversion::hexToLong', 'Conversion::longToHex', 'Conversion::shortArrayToLong'] tc=44 cost=0.22381964999999998 contaminated=False
[2026-09-27T05:42:24Z] [haiku45] gate: need 1 fast probes (before launch)
[2026-09-27T05:42:30Z] [haiku45]   haiku45 probe 26 at 2026-09-27T05:42:24Z: fast_pass | wall 5.2s | status=passed exit=0 anomalies=none cost=None
[2026-09-27T05:42:30Z] [haiku45] launching ADV-OVERLOAD-01 run-002
[2026-09-27T05:44:37Z] [haiku45] post-run ADV-OVERLOAD-01/run-002: continue status=completed rank=1 top3=['Conversion::hexToLong', 'Conversion::longToHex', 'Conversion::hexToInt'] tc=44 cost=0.19460685000000003 contaminated=False
[2026-09-27T05:44:37Z] [haiku45] gate: need 1 fast probes (before launch)
[2026-09-27T05:44:42Z] [haiku45]   haiku45 probe 27 at 2026-09-27T05:44:37Z: fast_pass | wall 4.6s | status=passed exit=0 anomalies=none cost=None
[2026-09-27T05:44:42Z] [haiku45] launching ADV-OVERLOAD-01 run-003
[2026-09-27T05:46:30Z] [haiku45] post-run ADV-OVERLOAD-01/run-003: infrastructure status=invalid_ranking rank=None top3=[] tc=50 cost=0.1805464 contaminated=False
[2026-09-27T05:46:30Z] [haiku45] gate: need 3 fast probes (before launch)
[2026-09-27T05:46:35Z] [haiku45]   haiku45 probe 28 at 2026-09-27T05:46:30Z: fast_pass | wall 4.8s | status=passed exit=0 anomalies=none cost=None
[2026-09-27T05:46:40Z] [haiku45]   haiku45 probe 29 at 2026-09-27T05:46:35Z: fast_pass | wall 4.6s | status=passed exit=0 anomalies=none cost=None
[2026-09-27T05:46:44Z] [haiku45]   haiku45 probe 30 at 2026-09-27T05:46:40Z: fast_pass | wall 4.4s | status=passed exit=0 anomalies=none cost=None
[2026-09-27T05:46:45Z] [haiku45] launching ADV-OWNER-01 run-001
[2026-09-27T05:48:41Z] [haiku45] post-run ADV-OWNER-01/run-001: continue status=completed rank=1 top3=['Conversion::longToHex', 'Conversion::hexToLong', 'Conversion::intToHexDigit'] tc=43 cost=0.1667317 contaminated=False
[2026-09-27T05:48:41Z] [haiku45] gate: need 1 fast probes (before launch)
[2026-09-27T05:48:46Z] [haiku45]   haiku45 probe 31 at 2026-09-27T05:48:41Z: fast_pass | wall 5.4s | status=passed exit=0 anomalies=none cost=None
[2026-09-27T05:48:47Z] [haiku45] launching ADV-OWNER-01 run-002
[2026-09-27T05:50:59Z] [haiku45] post-run ADV-OWNER-01/run-002: continue status=completed rank=1 top3=['Conversion::longToHex', 'Conversion::hexToLong', 'Conversion::intToHexDigit'] tc=36 cost=0.14825090000000002 contaminated=False
[2026-09-27T05:50:59Z] [haiku45] gate: need 1 fast probes (before launch)
[2026-09-27T05:51:04Z] [haiku45]   haiku45 probe 32 at 2026-09-27T05:50:59Z: fast_pass | wall 5.1s | status=passed exit=0 anomalies=none cost=None
[2026-09-27T05:51:05Z] [haiku45] launching ADV-OWNER-01 run-003
[2026-09-27T05:53:19Z] [haiku45] post-run ADV-OWNER-01/run-003: infrastructure status=invalid_ranking rank=None top3=[] tc=50 cost=0.20607129999999996 contaminated=False
[2026-09-27T05:53:19Z] [haiku45] BLOCK FINISHED: ADV-DEPTH-01,ADV-REGISTRY-01,ADV-LEX-01,ADV-OVERLOAD-01,ADV-OWNER-01 x3
[2026-09-27T06:09:40Z] [haiku45] gate: need 3 fast probes (before launch)
[2026-09-27T06:09:46Z] [haiku45]   haiku45 probe 33 at 2026-09-27T06:09:40Z: fast_pass | wall 6.0s | status=passed exit=0 anomalies=none cost=None
[2026-09-27T06:09:51Z] [haiku45]   haiku45 probe 34 at 2026-09-27T06:09:46Z: fast_pass | wall 4.7s | status=passed exit=0 anomalies=none cost=None
[2026-09-27T06:09:56Z] [haiku45]   haiku45 probe 35 at 2026-09-27T06:09:51Z: fast_pass | wall 4.7s | status=passed exit=0 anomalies=none cost=None
[2026-09-27T06:09:56Z] [haiku45] launching ADV-DEFINER-01 run-001
[2026-09-27T06:12:18Z] [haiku45] post-run ADV-DEFINER-01/run-001: infrastructure status=invalid_ranking rank=None top3=[] tc=50 cost=0.19583585000000003 contaminated=False
[2026-09-27T06:12:18Z] [haiku45] gate: need 3 fast probes (before launch)
[2026-09-27T06:12:23Z] [haiku45]   haiku45 probe 36 at 2026-09-27T06:12:18Z: fast_pass | wall 5.0s | status=passed exit=0 anomalies=none cost=None
[2026-09-27T06:12:28Z] [haiku45]   haiku45 probe 37 at 2026-09-27T06:12:23Z: fast_pass | wall 4.8s | status=passed exit=0 anomalies=none cost=None
[2026-09-27T06:12:33Z] [haiku45]   haiku45 probe 38 at 2026-09-27T06:12:28Z: fast_pass | wall 4.8s | status=passed exit=0 anomalies=none cost=None
[2026-09-27T06:12:33Z] [haiku45] launching ADV-DEFINER-01 run-002
[2026-09-27T06:15:47Z] [haiku45] post-run ADV-DEFINER-01/run-002: infrastructure status=invalid_ranking rank=None top3=[] tc=50 cost=0.21077655000000003 contaminated=False
[2026-09-27T06:15:47Z] [haiku45] gate: need 3 fast probes (before launch)
[2026-09-27T06:15:51Z] [haiku45]   haiku45 probe 39 at 2026-09-27T06:15:47Z: fast_pass | wall 4.8s | status=passed exit=0 anomalies=none cost=None
[2026-09-27T06:15:56Z] [haiku45]   haiku45 probe 40 at 2026-09-27T06:15:52Z: fast_pass | wall 4.5s | status=passed exit=0 anomalies=none cost=None
[2026-09-27T06:16:01Z] [haiku45]   haiku45 probe 41 at 2026-09-27T06:15:56Z: fast_pass | wall 4.6s | status=passed exit=0 anomalies=none cost=None
[2026-09-27T06:16:01Z] [haiku45] launching ADV-DEFINER-01 run-003
[2026-09-27T06:18:07Z] [haiku45] post-run ADV-DEFINER-01/run-003: infrastructure status=invalid_ranking rank=None top3=[] tc=50 cost=0.16688759999999997 contaminated=False
[2026-09-27T06:18:07Z] [haiku45] gate: need 3 fast probes (before launch)
[2026-09-27T06:18:14Z] [haiku45]   haiku45 probe 42 at 2026-09-27T06:18:07Z: fast_pass | wall 6.8s | status=passed exit=0 anomalies=none cost=None
[2026-09-27T06:18:19Z] [haiku45]   haiku45 probe 43 at 2026-09-27T06:18:14Z: fast_pass | wall 5.4s | status=passed exit=0 anomalies=none cost=None
[2026-09-27T06:18:25Z] [haiku45]   haiku45 probe 44 at 2026-09-27T06:18:19Z: fast_pass | wall 5.5s | status=passed exit=0 anomalies=none cost=None
[2026-09-27T06:18:25Z] [haiku45] launching ADV-MASK-01 run-001
[2026-09-27T06:20:38Z] [haiku45] post-run ADV-MASK-01/run-001: infrastructure status=invalid_ranking rank=None top3=[] tc=50 cost=0.15518415 contaminated=False
[2026-09-27T06:20:38Z] [haiku45] gate: need 3 fast probes (before launch)
[2026-09-27T06:20:44Z] [haiku45]   haiku45 probe 45 at 2026-09-27T06:20:38Z: fast_pass | wall 6.0s | status=passed exit=0 anomalies=none cost=None
[2026-09-27T06:20:50Z] [haiku45]   haiku45 probe 46 at 2026-09-27T06:20:44Z: fast_pass | wall 5.5s | status=passed exit=0 anomalies=none cost=None
[2026-09-27T06:20:56Z] [haiku45]   haiku45 probe 47 at 2026-09-27T06:20:50Z: fast_pass | wall 6.1s | status=passed exit=0 anomalies=none cost=None
[2026-09-27T06:20:56Z] [haiku45] launching ADV-MASK-01 run-002
[2026-09-27T06:23:21Z] [haiku45] post-run ADV-MASK-01/run-002: infrastructure status=invalid_ranking rank=None top3=[] tc=50 cost=0.17599499999999998 contaminated=False
[2026-09-27T06:23:21Z] [haiku45] gate: need 3 fast probes (before launch)
[2026-09-27T06:23:27Z] [haiku45]   haiku45 probe 48 at 2026-09-27T06:23:21Z: fast_pass | wall 5.3s | status=passed exit=0 anomalies=none cost=None
[2026-09-27T06:23:31Z] [haiku45]   haiku45 probe 49 at 2026-09-27T06:23:27Z: fast_pass | wall 4.7s | status=passed exit=0 anomalies=none cost=None
[2026-09-27T06:23:36Z] [haiku45]   haiku45 probe 50 at 2026-09-27T06:23:31Z: fast_pass | wall 4.5s | status=passed exit=0 anomalies=none cost=None
[2026-09-27T06:23:37Z] [haiku45] launching ADV-MASK-01 run-003
[2026-09-27T06:26:22Z] [haiku45] post-run ADV-MASK-01/run-003: continue status=completed rank=4 top3=['NumberUtils::overlay', 'ObjectUtils::combine', 'BitField::widen'] tc=48 cost=0.18144265 contaminated=False
[2026-09-27T06:26:22Z] [haiku45] BLOCK FINISHED: ADV-DEFINER-01,ADV-MASK-01 x3
[2026-09-27T06:38:00Z] [haiku45] gate: need 3 fast probes (before launch)
[2026-09-27T06:38:06Z] [haiku45]   haiku45 probe 51 at 2026-09-27T06:38:00Z: fast_pass | wall 5.5s | status=passed exit=0 anomalies=none cost=None
[2026-09-27T06:38:10Z] [haiku45]   haiku45 probe 52 at 2026-09-27T06:38:06Z: fast_pass | wall 4.7s | status=passed exit=0 anomalies=none cost=None
[2026-09-27T06:38:15Z] [haiku45]   haiku45 probe 53 at 2026-09-27T06:38:10Z: fast_pass | wall 4.5s | status=passed exit=0 anomalies=none cost=None
[2026-09-27T06:38:15Z] [haiku45] launching CONVERSION-LONG-TREATMENT-01 run-001
[2026-09-27T06:40:35Z] [haiku45] post-run CONVERSION-LONG-TREATMENT-01/run-001: infrastructure status=invalid_ranking rank=None top3=[] tc=50 cost=0.18555845 contaminated=False
[2026-09-27T06:40:35Z] [haiku45] gate: need 3 fast probes (before launch)
[2026-09-27T06:40:39Z] [haiku45]   haiku45 probe 54 at 2026-09-27T06:40:35Z: fast_pass | wall 4.6s | status=passed exit=0 anomalies=none cost=None
[2026-09-27T06:40:44Z] [haiku45]   haiku45 probe 55 at 2026-09-27T06:40:39Z: fast_pass | wall 4.5s | status=passed exit=0 anomalies=none cost=None
[2026-09-27T06:40:48Z] [haiku45]   haiku45 probe 56 at 2026-09-27T06:40:44Z: fast_pass | wall 4.5s | status=passed exit=0 anomalies=none cost=None
[2026-09-27T06:40:49Z] [haiku45] launching CONVERSION-LONG-TREATMENT-01 run-002
[2026-09-27T06:42:40Z] [haiku45] post-run CONVERSION-LONG-TREATMENT-01/run-002: infrastructure status=invalid_ranking rank=None top3=[] tc=50 cost=0.16031204999999998 contaminated=False
[2026-09-27T06:42:40Z] [haiku45] gate: need 3 fast probes (before launch)
[2026-09-27T06:42:45Z] [haiku45]   haiku45 probe 57 at 2026-09-27T06:42:40Z: fast_pass | wall 4.7s | status=passed exit=0 anomalies=none cost=None
[2026-09-27T06:42:50Z] [haiku45]   haiku45 probe 58 at 2026-09-27T06:42:45Z: fast_pass | wall 4.6s | status=passed exit=0 anomalies=none cost=None
[2026-09-27T06:42:54Z] [haiku45]   haiku45 probe 59 at 2026-09-27T06:42:50Z: fast_pass | wall 4.6s | status=passed exit=0 anomalies=none cost=None
[2026-09-27T06:42:55Z] [haiku45] launching CONVERSION-LONG-TREATMENT-01 run-003
[2026-09-27T06:45:04Z] [haiku45] post-run CONVERSION-LONG-TREATMENT-01/run-003: continue status=completed rank=1 top3=['NumberUtils::overlay', 'ObjectUtils::combine', 'BitField::widen'] tc=49 cost=0.17458230000000002 contaminated=False
[2026-09-27T06:45:04Z] [haiku45] BLOCK FINISHED: CONVERSION-LONG-TREATMENT-01 x3
