[2026-09-27T05:14:39Z] [sonnet46] gate: need 3 fast probes (before launch)
[2026-09-27T05:14:45Z] [sonnet46]   sonnet46 probe 4 at 2026-09-27T05:14:39Z: fast_pass | wall 6.1s | status=passed exit=0 anomalies=none cost=None
[2026-09-27T05:14:51Z] [sonnet46]   sonnet46 probe 5 at 2026-09-27T05:14:45Z: fast_pass | wall 5.3s | status=passed exit=0 anomalies=none cost=None
[2026-09-27T05:14:56Z] [sonnet46]   sonnet46 probe 6 at 2026-09-27T05:14:51Z: fast_pass | wall 5.3s | status=passed exit=0 anomalies=none cost=None
[2026-09-27T05:14:56Z] [sonnet46] launching ADV-DEPTH-01 run-001
[2026-09-27T05:17:28Z] [sonnet46] post-run ADV-DEPTH-01/run-001: continue status=completed rank=1 top3=['BitField::widen', 'ObjectUtils::combine', 'NumberUtils::overlay'] tc=31 cost=0.2813097 contaminated=False
[2026-09-27T05:17:28Z] [sonnet46] gate: need 1 fast probes (before launch)
[2026-09-27T05:17:33Z] [sonnet46]   sonnet46 probe 7 at 2026-09-27T05:17:28Z: fast_pass | wall 5.1s | status=passed exit=0 anomalies=none cost=None
[2026-09-27T05:17:34Z] [sonnet46] launching ADV-DEPTH-01 run-002
[2026-09-27T05:22:35Z] [sonnet46] post-run ADV-DEPTH-01/run-002: infrastructure status=timeout rank=None top3=[] tc=44 cost=0.42526890000000006 contaminated=False
[2026-09-27T05:22:35Z] [sonnet46] gate: need 3 fast probes (before launch)
[2026-09-27T05:22:41Z] [sonnet46]   sonnet46 probe 8 at 2026-09-27T05:22:35Z: fast_pass | wall 5.6s | status=passed exit=0 anomalies=none cost=None
[2026-09-27T05:22:46Z] [sonnet46]   sonnet46 probe 9 at 2026-09-27T05:22:41Z: fast_pass | wall 5.2s | status=passed exit=0 anomalies=none cost=None
[2026-09-27T05:22:51Z] [sonnet46]   sonnet46 probe 10 at 2026-09-27T05:22:46Z: fast_pass | wall 5.2s | status=passed exit=0 anomalies=none cost=None
[2026-09-27T05:22:52Z] [sonnet46] launching ADV-DEPTH-01 run-003
[2026-09-27T05:27:54Z] [sonnet46] post-run ADV-DEPTH-01/run-003: infrastructure status=timeout rank=None top3=[] tc=40 cost=0.3344673000000001 contaminated=False
[2026-09-27T05:27:54Z] [sonnet46] gate: need 3 fast probes (before launch)
[2026-09-27T05:28:00Z] [sonnet46]   sonnet46 probe 11 at 2026-09-27T05:27:54Z: fast_pass | wall 6.2s | status=passed exit=0 anomalies=none cost=None
[2026-09-27T05:28:06Z] [sonnet46]   sonnet46 probe 12 at 2026-09-27T05:28:00Z: fast_pass | wall 5.5s | status=passed exit=0 anomalies=none cost=None
[2026-09-27T05:28:11Z] [sonnet46]   sonnet46 probe 13 at 2026-09-27T05:28:06Z: fast_pass | wall 5.1s | status=passed exit=0 anomalies=none cost=None
[2026-09-27T05:28:11Z] [sonnet46] launching ADV-REGISTRY-01 run-001
[2026-09-27T05:30:43Z] [sonnet46] post-run ADV-REGISTRY-01/run-001: continue status=completed rank=1 top3=['Packer32::pack', 'Conversion::intArrayToLong', 'Packers::forSource'] tc=30 cost=0.28972965 contaminated=False
[2026-09-27T05:30:43Z] [sonnet46] gate: need 1 fast probes (before launch)
[2026-09-27T05:30:49Z] [sonnet46]   sonnet46 probe 14 at 2026-09-27T05:30:43Z: fast_pass | wall 5.3s | status=passed exit=0 anomalies=none cost=None
[2026-09-27T05:30:49Z] [sonnet46] launching ADV-REGISTRY-01 run-002
[2026-09-27T05:32:57Z] [sonnet46] post-run ADV-REGISTRY-01/run-002: continue status=completed rank=1 top3=['Packer32::pack', 'Conversion::intArrayToLong', 'Packers::forSource'] tc=25 cost=0.2058363 contaminated=False
[2026-09-27T05:32:57Z] [sonnet46] gate: need 1 fast probes (before launch)
[2026-09-27T05:33:03Z] [sonnet46]   sonnet46 probe 15 at 2026-09-27T05:32:58Z: fast_pass | wall 5.7s | status=passed exit=0 anomalies=none cost=None
[2026-09-27T05:33:04Z] [sonnet46] launching ADV-REGISTRY-01 run-003
[2026-09-27T05:36:17Z] [sonnet46] post-run ADV-REGISTRY-01/run-003: continue status=completed rank=1 top3=['Packer32::pack', 'Conversion::intArrayToLong', 'Packers::forSource'] tc=29 cost=0.25438065 contaminated=False
[2026-09-27T05:36:17Z] [sonnet46] gate: need 1 fast probes (before launch)
[2026-09-27T05:36:23Z] [sonnet46]   sonnet46 probe 16 at 2026-09-27T05:36:17Z: fast_pass | wall 5.7s | status=passed exit=0 anomalies=none cost=None
[2026-09-27T05:36:23Z] [sonnet46] launching ADV-LEX-01 run-001
[2026-09-27T05:39:04Z] [sonnet46] post-run ADV-LEX-01/run-001: continue status=completed rank=2 top3=['BitField::wordOffset', 'NumberUtils::apply', 'BitField::widen'] tc=35 cost=0.31151565 contaminated=False
[2026-09-27T05:39:04Z] [sonnet46] gate: need 1 fast probes (before launch)
[2026-09-27T05:39:12Z] [sonnet46]   sonnet46 probe 17 at 2026-09-27T05:39:04Z: fast_pass | wall 7.9s | status=passed exit=0 anomalies=none cost=None
[2026-09-27T05:39:12Z] [sonnet46] launching ADV-LEX-01 run-002
[2026-09-27T05:44:14Z] [sonnet46] post-run ADV-LEX-01/run-002: infrastructure status=timeout rank=None top3=[] tc=17 cost=0.09400035 contaminated=False
[2026-09-27T05:44:14Z] [sonnet46] gate: need 3 fast probes (before launch)
[2026-09-27T05:44:20Z] [sonnet46]   sonnet46 probe 18 at 2026-09-27T05:44:14Z: fast_pass | wall 5.5s | status=passed exit=0 anomalies=none cost=None
[2026-09-27T05:44:25Z] [sonnet46]   sonnet46 probe 19 at 2026-09-27T05:44:20Z: fast_pass | wall 5.0s | status=passed exit=0 anomalies=none cost=None
[2026-09-27T05:44:30Z] [sonnet46]   sonnet46 probe 20 at 2026-09-27T05:44:25Z: fast_pass | wall 5.5s | status=passed exit=0 anomalies=none cost=None
[2026-09-27T05:44:31Z] [sonnet46] launching ADV-LEX-01 run-003
[2026-09-27T05:47:30Z] [sonnet46] post-run ADV-LEX-01/run-003: continue status=completed rank=1 top3=['NumberUtils::apply', 'BitField::wordOffset', 'BitField::widen'] tc=35 cost=0.3382030500000001 contaminated=False
[2026-09-27T05:47:30Z] [sonnet46] gate: need 1 fast probes (before launch)
[2026-09-27T05:47:36Z] [sonnet46]   sonnet46 probe 21 at 2026-09-27T05:47:30Z: fast_pass | wall 5.8s | status=passed exit=0 anomalies=none cost=None
[2026-09-27T05:47:37Z] [sonnet46] launching ADV-OVERLOAD-01 run-001
[2026-09-27T05:51:13Z] [sonnet46] post-run ADV-OVERLOAD-01/run-001: continue status=completed rank=1 top3=['Conversion::hexToLong', 'Conversion::longToHex', 'Conversion::intArrayToLong'] tc=22 cost=0.43878105 contaminated=False
[2026-09-27T05:51:13Z] [sonnet46] gate: need 1 fast probes (before launch)
[2026-09-27T05:51:18Z] [sonnet46]   sonnet46 probe 22 at 2026-09-27T05:51:13Z: fast_pass | wall 5.2s | status=passed exit=0 anomalies=none cost=None
[2026-09-27T05:51:19Z] [sonnet46] launching ADV-OVERLOAD-01 run-002
[2026-09-27T05:54:14Z] [sonnet46] post-run ADV-OVERLOAD-01/run-002: continue status=completed rank=1 top3=['Conversion::hexToLong', 'Conversion::longToHex', 'Conversion::intArrayToLong'] tc=21 cost=0.3891198 contaminated=False
[2026-09-27T05:54:14Z] [sonnet46] gate: need 1 fast probes (before launch)
[2026-09-27T05:54:19Z] [sonnet46]   sonnet46 probe 23 at 2026-09-27T05:54:14Z: fast_pass | wall 5.4s | status=passed exit=0 anomalies=none cost=None
[2026-09-27T05:54:20Z] [sonnet46] launching ADV-OVERLOAD-01 run-003
[2026-09-27T05:57:55Z] [sonnet46] post-run ADV-OVERLOAD-01/run-003: continue status=completed rank=1 top3=['Conversion::hexToLong', 'Conversion::longToHex', 'Conversion::intArrayToLong'] tc=27 cost=0.47732295 contaminated=False
[2026-09-27T05:57:55Z] [sonnet46] gate: need 1 fast probes (before launch)
[2026-09-27T05:58:01Z] [sonnet46]   sonnet46 probe 24 at 2026-09-27T05:57:55Z: fast_pass | wall 5.9s | status=passed exit=0 anomalies=none cost=None
[2026-09-27T05:58:02Z] [sonnet46] launching ADV-OWNER-01 run-001
[2026-09-27T05:59:33Z] [sonnet46] post-run ADV-OWNER-01/run-001: continue status=completed rank=1 top3=['Conversion::longToHex', 'Conversion::hexToLong', 'Conversion::intToHexDigit'] tc=17 cost=0.16544055000000002 contaminated=False
[2026-09-27T05:59:33Z] [sonnet46] gate: need 1 fast probes (before launch)
[2026-09-27T05:59:39Z] [sonnet46]   sonnet46 probe 25 at 2026-09-27T05:59:33Z: fast_pass | wall 5.5s | status=passed exit=0 anomalies=none cost=None
[2026-09-27T05:59:39Z] [sonnet46] launching ADV-OWNER-01 run-002
[2026-09-27T06:01:13Z] [sonnet46] post-run ADV-OWNER-01/run-002: continue status=completed rank=1 top3=['Conversion::longToHex', 'Conversion::hexToLong', 'Conversion::intToHexDigit'] tc=22 cost=0.1802526 contaminated=False
[2026-09-27T06:01:13Z] [sonnet46] gate: need 1 fast probes (before launch)
[2026-09-27T06:01:19Z] [sonnet46]   sonnet46 probe 26 at 2026-09-27T06:01:13Z: fast_pass | wall 5.5s | status=passed exit=0 anomalies=none cost=None
[2026-09-27T06:01:19Z] [sonnet46] launching ADV-OWNER-01 run-003
[2026-09-27T06:03:11Z] [sonnet46] post-run ADV-OWNER-01/run-003: continue status=completed rank=1 top3=['Conversion::longToHex', 'Conversion::hexToLong', 'Conversion::intToHexDigit'] tc=23 cost=0.20939925000000004 contaminated=False
[2026-09-27T06:03:11Z] [sonnet46] BLOCK FINISHED: ADV-DEPTH-01,ADV-REGISTRY-01,ADV-LEX-01,ADV-OVERLOAD-01,ADV-OWNER-01 x3
[2026-09-27T06:09:40Z] [sonnet46] gate: need 3 fast probes (before launch)
[2026-09-27T06:09:46Z] [sonnet46]   sonnet46 probe 27 at 2026-09-27T06:09:40Z: fast_pass | wall 6.0s | status=passed exit=0 anomalies=none cost=None
[2026-09-27T06:09:51Z] [sonnet46]   sonnet46 probe 28 at 2026-09-27T06:09:46Z: fast_pass | wall 5.2s | status=passed exit=0 anomalies=none cost=None
[2026-09-27T06:09:57Z] [sonnet46]   sonnet46 probe 29 at 2026-09-27T06:09:52Z: fast_pass | wall 5.5s | status=passed exit=0 anomalies=none cost=None
[2026-09-27T06:09:58Z] [sonnet46] launching ADV-DEFINER-01 run-001
[2026-09-27T06:15:01Z] [sonnet46] post-run ADV-DEFINER-01/run-001: infrastructure status=timeout rank=None top3=[] tc=49 cost=0.4384754999999999 contaminated=False
[2026-09-27T06:15:01Z] [sonnet46] gate: need 3 fast probes (before launch)
[2026-09-27T06:15:07Z] [sonnet46]   sonnet46 probe 30 at 2026-09-27T06:15:01Z: fast_pass | wall 5.8s | status=passed exit=0 anomalies=none cost=None
[2026-09-27T06:15:13Z] [sonnet46]   sonnet46 probe 31 at 2026-09-27T06:15:07Z: fast_pass | wall 5.9s | status=passed exit=0 anomalies=none cost=None
[2026-09-27T06:15:18Z] [sonnet46]   sonnet46 probe 32 at 2026-09-27T06:15:13Z: fast_pass | wall 5.1s | status=passed exit=0 anomalies=none cost=None
[2026-09-27T06:15:19Z] [sonnet46] launching ADV-DEFINER-01 run-002
[2026-09-27T06:19:03Z] [sonnet46] post-run ADV-DEFINER-01/run-002: continue status=completed rank=5 top3=['PlotUtilities::drift', 'StandardDialScale::rim', 'CompassPlot::ring'] tc=50 cost=0.48174644999999994 contaminated=False
[2026-09-27T06:19:03Z] [sonnet46] gate: need 1 fast probes (before launch)
[2026-09-27T06:19:10Z] [sonnet46]   sonnet46 probe 33 at 2026-09-27T06:19:03Z: fast_pass | wall 7.3s | status=passed exit=0 anomalies=none cost=None
[2026-09-27T06:19:11Z] [sonnet46] launching ADV-DEFINER-01 run-003
[2026-09-27T06:21:59Z] [sonnet46] post-run ADV-DEFINER-01/run-003: continue status=completed rank=5 top3=['PlotUtilities::drift', 'StandardDialScale::rim', 'CompassPlot::ring'] tc=40 cost=0.32356275 contaminated=False
[2026-09-27T06:21:59Z] [sonnet46] gate: need 1 fast probes (before launch)
[2026-09-27T06:22:05Z] [sonnet46]   sonnet46 probe 34 at 2026-09-27T06:21:59Z: fast_pass | wall 6.0s | status=passed exit=0 anomalies=none cost=None
[2026-09-27T06:22:06Z] [sonnet46] launching ADV-MASK-01 run-001
[2026-09-27T06:27:07Z] [sonnet46] post-run ADV-MASK-01/run-001: infrastructure status=timeout rank=None top3=[] tc=19 cost=0.10421115 contaminated=False
[2026-09-27T06:27:07Z] [sonnet46] gate: need 3 fast probes (before launch)
[2026-09-27T06:27:13Z] [sonnet46]   sonnet46 probe 35 at 2026-09-27T06:27:07Z: fast_pass | wall 5.5s | status=passed exit=0 anomalies=none cost=None
[2026-09-27T06:27:18Z] [sonnet46]   sonnet46 probe 36 at 2026-09-27T06:27:13Z: fast_pass | wall 5.1s | status=passed exit=0 anomalies=none cost=None
[2026-09-27T06:27:23Z] [sonnet46]   sonnet46 probe 37 at 2026-09-27T06:27:18Z: fast_pass | wall 5.2s | status=passed exit=0 anomalies=none cost=None
[2026-09-27T06:27:24Z] [sonnet46] launching ADV-MASK-01 run-002
[2026-09-27T06:32:26Z] [sonnet46] post-run ADV-MASK-01/run-002: infrastructure status=timeout rank=None top3=[] tc=19 cost=0.10437105 contaminated=False
[2026-09-27T06:32:26Z] [sonnet46] gate: need 3 fast probes (before launch)
[2026-09-27T06:32:33Z] [sonnet46]   sonnet46 probe 38 at 2026-09-27T06:32:26Z: fast_pass | wall 7.2s | status=passed exit=0 anomalies=none cost=None
[2026-09-27T06:32:38Z] [sonnet46]   sonnet46 probe 39 at 2026-09-27T06:32:33Z: fast_pass | wall 5.1s | status=passed exit=0 anomalies=none cost=None
[2026-09-27T06:32:43Z] [sonnet46]   sonnet46 probe 40 at 2026-09-27T06:32:38Z: fast_pass | wall 5.0s | status=passed exit=0 anomalies=none cost=None
[2026-09-27T06:32:44Z] [sonnet46] launching ADV-MASK-01 run-003
[2026-09-27T06:36:37Z] [sonnet46] post-run ADV-MASK-01/run-003: infrastructure status=invalid_ranking rank=None top3=[] tc=51 cost=0.5119947000000001 contaminated=False
[2026-09-27T06:36:37Z] [sonnet46] BLOCK FINISHED: ADV-DEFINER-01,ADV-MASK-01 x3
[2026-09-27T06:38:00Z] [sonnet46] gate: need 3 fast probes (before launch)
[2026-09-27T06:38:06Z] [sonnet46]   sonnet46 probe 41 at 2026-09-27T06:38:00Z: fast_pass | wall 6.3s | status=passed exit=0 anomalies=none cost=None
[2026-09-27T06:38:12Z] [sonnet46]   sonnet46 probe 42 at 2026-09-27T06:38:06Z: fast_pass | wall 5.6s | status=passed exit=0 anomalies=none cost=None
[2026-09-27T06:38:17Z] [sonnet46]   sonnet46 probe 43 at 2026-09-27T06:38:12Z: fast_pass | wall 5.2s | status=passed exit=0 anomalies=none cost=None
[2026-09-27T06:38:18Z] [sonnet46] launching ADV-DEFINER-01 run-004
[2026-09-27T06:42:02Z] [sonnet46] post-run ADV-DEFINER-01/run-004: continue status=completed rank=5 top3=['PlotUtilities::drift', 'StandardDialScale::rim', 'CompassPlot::ring'] tc=47 cost=0.45688515 contaminated=False
[2026-09-27T06:42:02Z] [sonnet46] gate: need 1 fast probes (before launch)
[2026-09-27T06:42:08Z] [sonnet46]   sonnet46 probe 44 at 2026-09-27T06:42:02Z: fast_pass | wall 5.8s | status=passed exit=0 anomalies=none cost=None
[2026-09-27T06:42:08Z] [sonnet46] launching ADV-DEFINER-01 run-005
[2026-09-27T06:45:36Z] [sonnet46] post-run ADV-DEFINER-01/run-005: continue status=completed rank=5 top3=['PlotUtilities::drift', 'StandardDialScale::rim', 'CompassPlot::ring'] tc=46 cost=0.4234994999999999 contaminated=False
[2026-09-27T06:45:36Z] [sonnet46] gate: need 1 fast probes (before launch)
[2026-09-27T06:45:41Z] [sonnet46]   sonnet46 probe 45 at 2026-09-27T06:45:36Z: fast_pass | wall 5.1s | status=passed exit=0 anomalies=none cost=None
[2026-09-27T06:45:42Z] [sonnet46] launching ADV-DEFINER-01 run-006
[2026-09-27T06:50:45Z] [sonnet46] post-run ADV-DEFINER-01/run-006: infrastructure status=timeout rank=None top3=[] tc=26 cost=0.14798714999999998 contaminated=False
[2026-09-27T06:50:45Z] [sonnet46] gate: need 3 fast probes (before launch)
[2026-09-27T06:50:51Z] [sonnet46]   sonnet46 probe 46 at 2026-09-27T06:50:45Z: fast_pass | wall 5.8s | status=passed exit=0 anomalies=none cost=None
[2026-09-27T06:50:56Z] [sonnet46]   sonnet46 probe 47 at 2026-09-27T06:50:51Z: fast_pass | wall 5.4s | status=passed exit=0 anomalies=none cost=None
[2026-09-27T06:51:01Z] [sonnet46]   sonnet46 probe 48 at 2026-09-27T06:50:56Z: fast_pass | wall 5.1s | status=passed exit=0 anomalies=none cost=None
[2026-09-27T06:51:02Z] [sonnet46] launching ADV-DEFINER-01 run-007
[2026-09-27T06:55:28Z] [sonnet46] post-run ADV-DEFINER-01/run-007: continue status=completed rank=5 top3=['PlotUtilities::drift', 'StandardDialScale::rim', 'CompassPlot::ring'] tc=48 cost=0.46966335000000015 contaminated=False
[2026-09-27T06:55:28Z] [sonnet46] gate: need 1 fast probes (before launch)
[2026-09-27T06:55:34Z] [sonnet46]   sonnet46 probe 49 at 2026-09-27T06:55:28Z: fast_pass | wall 5.4s | status=passed exit=0 anomalies=none cost=None
[2026-09-27T06:55:34Z] [sonnet46] launching ADV-DEFINER-01 run-008
[2026-09-27T06:58:24Z] [sonnet46] post-run ADV-DEFINER-01/run-008: continue status=completed rank=5 top3=['PlotUtilities::drift', 'StandardDialScale::rim', 'CompassPlot::ring'] tc=40 cost=0.3328638000000001 contaminated=False
[2026-09-27T06:58:24Z] [sonnet46] gate: need 1 fast probes (before launch)
[2026-09-27T06:58:31Z] [sonnet46]   sonnet46 probe 50 at 2026-09-27T06:58:24Z: fast_pass | wall 6.6s | status=passed exit=0 anomalies=none cost=None
[2026-09-27T06:58:32Z] [sonnet46] launching ADV-DEFINER-01 run-009
[2026-09-27T07:02:52Z] [sonnet46] post-run ADV-DEFINER-01/run-009: infrastructure status=invalid_ranking rank=None top3=[] tc=50 cost=0.4463376 contaminated=False
[2026-09-27T07:02:52Z] [sonnet46] gate: need 3 fast probes (before launch)
[2026-09-27T07:02:57Z] [sonnet46]   sonnet46 probe 51 at 2026-09-27T07:02:52Z: fast_pass | wall 5.6s | status=passed exit=0 anomalies=none cost=None
[2026-09-27T07:03:03Z] [sonnet46]   sonnet46 probe 52 at 2026-09-27T07:02:57Z: fast_pass | wall 5.1s | status=passed exit=0 anomalies=none cost=None
[2026-09-27T07:03:08Z] [sonnet46]   sonnet46 probe 53 at 2026-09-27T07:03:03Z: fast_pass | wall 5.2s | status=passed exit=0 anomalies=none cost=None
[2026-09-27T07:03:08Z] [sonnet46] launching ADV-DEFINER-01 run-010
[2026-09-27T07:06:25Z] [sonnet46] post-run ADV-DEFINER-01/run-010: continue status=completed rank=5 top3=['PlotUtilities::drift', 'PiePlot::getArcBounds', 'CompassPlot::ring'] tc=37 cost=0.39282855 contaminated=False
[2026-09-27T07:06:25Z] [sonnet46] gate: need 1 fast probes (before launch)
[2026-09-27T07:06:31Z] [sonnet46]   sonnet46 probe 54 at 2026-09-27T07:06:25Z: fast_pass | wall 6.4s | status=passed exit=0 anomalies=none cost=None
[2026-09-27T07:06:32Z] [sonnet46] launching ADV-MASK-01 run-004
[2026-09-27T07:11:34Z] [sonnet46] post-run ADV-MASK-01/run-004: infrastructure status=timeout rank=None top3=[] tc=18 cost=0.09783600000000002 contaminated=False
[2026-09-27T07:11:34Z] [sonnet46] gate: need 3 fast probes (before launch)
[2026-09-27T07:11:40Z] [sonnet46]   sonnet46 probe 55 at 2026-09-27T07:11:34Z: fast_pass | wall 6.5s | status=passed exit=0 anomalies=none cost=None
[2026-09-27T07:11:45Z] [sonnet46]   sonnet46 probe 56 at 2026-09-27T07:11:40Z: fast_pass | wall 5.1s | status=passed exit=0 anomalies=none cost=None
[2026-09-27T07:11:51Z] [sonnet46]   sonnet46 probe 57 at 2026-09-27T07:11:45Z: fast_pass | wall 5.2s | status=passed exit=0 anomalies=none cost=None
[2026-09-27T07:11:51Z] [sonnet46] launching ADV-MASK-01 run-005
[2026-09-27T07:16:53Z] [sonnet46] post-run ADV-MASK-01/run-005: infrastructure status=timeout rank=None top3=[] tc=21 cost=0.1104771 contaminated=False
[2026-09-27T07:16:53Z] [sonnet46] gate: need 3 fast probes (before launch)
[2026-09-27T07:17:00Z] [sonnet46]   sonnet46 probe 58 at 2026-09-27T07:16:53Z: fast_pass | wall 6.8s | status=passed exit=0 anomalies=none cost=None
[2026-09-27T07:17:05Z] [sonnet46]   sonnet46 probe 59 at 2026-09-27T07:17:00Z: fast_pass | wall 5.3s | status=passed exit=0 anomalies=none cost=None
[2026-09-27T07:17:10Z] [sonnet46]   sonnet46 probe 60 at 2026-09-27T07:17:05Z: fast_pass | wall 5.2s | status=passed exit=0 anomalies=none cost=None
[2026-09-27T07:17:11Z] [sonnet46] launching ADV-MASK-01 run-006
[2026-09-27T07:22:13Z] [sonnet46] post-run ADV-MASK-01/run-006: infrastructure status=timeout rank=None top3=[] tc=15 cost=0.0843972 contaminated=False
[2026-09-27T07:22:13Z] [sonnet46] gate: need 3 fast probes (before launch)
[2026-09-27T07:22:18Z] [sonnet46]   sonnet46 probe 61 at 2026-09-27T07:22:13Z: fast_pass | wall 5.2s | status=passed exit=0 anomalies=none cost=None
[2026-09-27T07:22:24Z] [sonnet46]   sonnet46 probe 62 at 2026-09-27T07:22:18Z: fast_pass | wall 5.2s | status=passed exit=0 anomalies=none cost=None
[2026-09-27T07:22:29Z] [sonnet46]   sonnet46 probe 63 at 2026-09-27T07:22:24Z: fast_pass | wall 5.4s | status=passed exit=0 anomalies=none cost=None
[2026-09-27T07:22:30Z] [sonnet46] launching ADV-MASK-01 run-007
[2026-09-27T07:25:46Z] [sonnet46] post-run ADV-MASK-01/run-007: continue status=completed rank=4 top3=['NumberUtils::overlay', 'ObjectUtils::combine', 'BitField::widen'] tc=44 cost=0.4301736 contaminated=False
[2026-09-27T07:25:46Z] [sonnet46] gate: need 1 fast probes (before launch)
[2026-09-27T07:25:52Z] [sonnet46]   sonnet46 probe 64 at 2026-09-27T07:25:46Z: fast_pass | wall 5.3s | status=passed exit=0 anomalies=none cost=None
[2026-09-27T07:25:52Z] [sonnet46] launching ADV-MASK-01 run-008
[2026-09-27T07:29:24Z] [sonnet46] post-run ADV-MASK-01/run-008: continue status=completed rank=4 top3=['NumberUtils::overlay', 'ObjectUtils::combine', 'BitField::widen'] tc=49 cost=0.4572621000000001 contaminated=False
[2026-09-27T07:29:24Z] [sonnet46] gate: need 1 fast probes (before launch)
[2026-09-27T07:29:29Z] [sonnet46]   sonnet46 probe 65 at 2026-09-27T07:29:24Z: fast_pass | wall 5.6s | status=passed exit=0 anomalies=none cost=None
[2026-09-27T07:29:30Z] [sonnet46] launching ADV-MASK-01 run-009
[2026-09-27T07:34:32Z] [sonnet46] post-run ADV-MASK-01/run-009: infrastructure status=timeout rank=None top3=[] tc=17 cost=0.0946071 contaminated=False
[2026-09-27T07:34:32Z] [sonnet46] gate: need 3 fast probes (before launch)
[2026-09-27T07:34:38Z] [sonnet46]   sonnet46 probe 66 at 2026-09-27T07:34:32Z: fast_pass | wall 6.4s | status=passed exit=0 anomalies=none cost=None
[2026-09-27T07:34:43Z] [sonnet46]   sonnet46 probe 67 at 2026-09-27T07:34:38Z: fast_pass | wall 5.1s | status=passed exit=0 anomalies=none cost=None
[2026-09-27T07:34:49Z] [sonnet46]   sonnet46 probe 68 at 2026-09-27T07:34:43Z: fast_pass | wall 5.4s | status=passed exit=0 anomalies=none cost=None
[2026-09-27T07:34:49Z] [sonnet46] launching ADV-MASK-01 run-010
[2026-09-27T07:38:01Z] [sonnet46] post-run ADV-MASK-01/run-010: continue status=completed rank=4 top3=['NumberUtils::overlay', 'ObjectUtils::combine', 'BitField::widen'] tc=40 cost=0.34757475 contaminated=False
[2026-09-27T07:38:01Z] [sonnet46] gate: need 1 fast probes (before launch)
[2026-09-27T07:38:07Z] [sonnet46]   sonnet46 probe 69 at 2026-09-27T07:38:01Z: fast_pass | wall 5.6s | status=passed exit=0 anomalies=none cost=None
[2026-09-27T07:38:07Z] [sonnet46] launching ADV-LEX-01 run-004
[2026-09-27T07:43:09Z] [sonnet46] post-run ADV-LEX-01/run-004: infrastructure status=timeout rank=None top3=[] tc=31 cost=0.24868769999999998 contaminated=False
[2026-09-27T07:43:09Z] [sonnet46] gate: need 3 fast probes (before launch)
[2026-09-27T07:43:16Z] [sonnet46]   sonnet46 probe 70 at 2026-09-27T07:43:09Z: fast_pass | wall 6.5s | status=passed exit=0 anomalies=none cost=None
[2026-09-27T07:43:21Z] [sonnet46]   sonnet46 probe 71 at 2026-09-27T07:43:16Z: fast_pass | wall 5.1s | status=passed exit=0 anomalies=none cost=None
[2026-09-27T07:43:26Z] [sonnet46]   sonnet46 probe 72 at 2026-09-27T07:43:21Z: fast_pass | wall 5.1s | status=passed exit=0 anomalies=none cost=None
[2026-09-27T07:43:27Z] [sonnet46] launching ADV-LEX-01 run-005
[2026-09-27T07:46:20Z] [sonnet46] post-run ADV-LEX-01/run-005: continue status=completed rank=1 top3=['NumberUtils::apply', 'BitField::wordOffset', 'BitField::widen'] tc=36 cost=0.3443445 contaminated=False
[2026-09-27T07:46:20Z] [sonnet46] gate: need 1 fast probes (before launch)
[2026-09-27T07:46:26Z] [sonnet46]   sonnet46 probe 73 at 2026-09-27T07:46:20Z: fast_pass | wall 5.9s | status=passed exit=0 anomalies=none cost=None
[2026-09-27T07:46:27Z] [sonnet46] launching ADV-LEX-01 run-006
[2026-09-27T07:51:28Z] [sonnet46] post-run ADV-LEX-01/run-006: infrastructure status=timeout rank=None top3=[] tc=18 cost=0.1243929 contaminated=False
[2026-09-27T07:51:28Z] [sonnet46] gate: need 3 fast probes (before launch)
[2026-09-27T07:51:35Z] [sonnet46]   sonnet46 probe 74 at 2026-09-27T07:51:28Z: fast_pass | wall 6.6s | status=passed exit=0 anomalies=none cost=None
[2026-09-27T07:51:40Z] [sonnet46]   sonnet46 probe 75 at 2026-09-27T07:51:35Z: fast_pass | wall 5.2s | status=passed exit=0 anomalies=none cost=None
[2026-09-27T07:51:45Z] [sonnet46]   sonnet46 probe 76 at 2026-09-27T07:51:40Z: fast_pass | wall 5.0s | status=passed exit=0 anomalies=none cost=None
[2026-09-27T07:51:46Z] [sonnet46] launching ADV-LEX-01 run-007
[2026-09-27T07:54:39Z] [sonnet46] post-run ADV-LEX-01/run-007: continue status=completed rank=1 top3=['NumberUtils::apply', 'BitField::wordOffset', 'BitField::widen'] tc=36 cost=0.3358149000000001 contaminated=False
[2026-09-27T07:54:39Z] [sonnet46] gate: need 1 fast probes (before launch)
[2026-09-27T07:54:45Z] [sonnet46]   sonnet46 probe 77 at 2026-09-27T07:54:39Z: fast_pass | wall 5.8s | status=passed exit=0 anomalies=none cost=None
[2026-09-27T07:54:45Z] [sonnet46] launching ADV-LEX-01 run-008
[2026-09-27T07:57:50Z] [sonnet46] post-run ADV-LEX-01/run-008: continue status=completed rank=1 top3=['NumberUtils::apply', 'BitField::wordOffset', 'ObjectUtils::combine'] tc=31 cost=0.32277255 contaminated=False
[2026-09-27T07:57:50Z] [sonnet46] gate: need 1 fast probes (before launch)
[2026-09-27T07:57:56Z] [sonnet46]   sonnet46 probe 78 at 2026-09-27T07:57:50Z: fast_pass | wall 6.1s | status=passed exit=0 anomalies=none cost=None
[2026-09-27T07:57:57Z] [sonnet46] launching ADV-LEX-01 run-009
[2026-09-27T08:02:59Z] [sonnet46] post-run ADV-LEX-01/run-009: infrastructure status=timeout rank=None top3=[] tc=31 cost=0.27485145000000005 contaminated=False
[2026-09-27T08:02:59Z] [sonnet46] gate: need 3 fast probes (before launch)
[2026-09-27T08:03:05Z] [sonnet46]   sonnet46 probe 79 at 2026-09-27T08:02:59Z: fast_pass | wall 6.5s | status=passed exit=0 anomalies=none cost=None
[2026-09-27T08:03:11Z] [sonnet46]   sonnet46 probe 80 at 2026-09-27T08:03:05Z: fast_pass | wall 5.4s | status=passed exit=0 anomalies=none cost=None
[2026-09-27T08:03:16Z] [sonnet46]   sonnet46 probe 81 at 2026-09-27T08:03:11Z: fast_pass | wall 5.1s | status=passed exit=0 anomalies=none cost=None
[2026-09-27T08:03:17Z] [sonnet46] launching ADV-LEX-01 run-010
[2026-09-27T08:06:45Z] [sonnet46] post-run ADV-LEX-01/run-010: continue status=completed rank=1 top3=['NumberUtils::apply', 'BitField::wordOffset', 'ObjectUtils::combine'] tc=42 cost=0.39650610000000003 contaminated=False
[2026-09-27T08:06:45Z] [sonnet46] gate: need 1 fast probes (before launch)
[2026-09-27T08:06:51Z] [sonnet46]   sonnet46 probe 82 at 2026-09-27T08:06:45Z: fast_pass | wall 5.7s | status=passed exit=0 anomalies=none cost=None
[2026-09-27T08:06:52Z] [sonnet46] launching CONVERSION-LONG-TREATMENT-01 run-001
[2026-09-27T08:11:54Z] [sonnet46] post-run CONVERSION-LONG-TREATMENT-01/run-001: infrastructure status=timeout rank=None top3=[] tc=18 cost=0.099387 contaminated=False
[2026-09-27T08:11:54Z] [sonnet46] gate: need 3 fast probes (before launch)
[2026-09-27T08:12:00Z] [sonnet46]   sonnet46 probe 83 at 2026-09-27T08:11:54Z: fast_pass | wall 6.5s | status=passed exit=0 anomalies=none cost=None
[2026-09-27T08:12:05Z] [sonnet46]   sonnet46 probe 84 at 2026-09-27T08:12:00Z: fast_pass | wall 5.4s | status=passed exit=0 anomalies=none cost=None
[2026-09-27T08:12:11Z] [sonnet46]   sonnet46 probe 85 at 2026-09-27T08:12:05Z: fast_pass | wall 5.2s | status=passed exit=0 anomalies=none cost=None
[2026-09-27T08:12:11Z] [sonnet46] launching CONVERSION-LONG-TREATMENT-01 run-002
[2026-09-27T08:15:02Z] [sonnet46] post-run CONVERSION-LONG-TREATMENT-01/run-002: continue status=completed rank=1 top3=['NumberUtils::overlay', 'ObjectUtils::combine', 'BitField::widen'] tc=36 cost=0.3165618 contaminated=False
[2026-09-27T08:15:02Z] [sonnet46] gate: need 1 fast probes (before launch)
[2026-09-27T08:15:07Z] [sonnet46]   sonnet46 probe 86 at 2026-09-27T08:15:02Z: fast_pass | wall 5.4s | status=passed exit=0 anomalies=none cost=None
[2026-09-27T08:15:08Z] [sonnet46] launching CONVERSION-LONG-TREATMENT-01 run-003
[2026-09-27T08:20:10Z] [sonnet46] post-run CONVERSION-LONG-TREATMENT-01/run-003: infrastructure status=timeout rank=None top3=[] tc=17 cost=0.09360570000000001 contaminated=False
[2026-09-27T08:20:10Z] [sonnet46] gate: need 3 fast probes (before launch)
[2026-09-27T08:20:16Z] [sonnet46]   sonnet46 probe 87 at 2026-09-27T08:20:10Z: fast_pass | wall 6.5s | status=passed exit=0 anomalies=none cost=None
[2026-09-27T08:20:21Z] [sonnet46]   sonnet46 probe 88 at 2026-09-27T08:20:16Z: fast_pass | wall 5.1s | status=passed exit=0 anomalies=none cost=None
[2026-09-27T08:20:27Z] [sonnet46]   sonnet46 probe 89 at 2026-09-27T08:20:21Z: fast_pass | wall 5.1s | status=passed exit=0 anomalies=none cost=None
[2026-09-27T08:20:27Z] [sonnet46] launching CONVERSION-LONG-TREATMENT-01 run-004
[2026-09-27T08:23:15Z] [sonnet46] post-run CONVERSION-LONG-TREATMENT-01/run-004: continue status=completed rank=1 top3=['NumberUtils::overlay', 'ObjectUtils::combine', 'BitField::widen'] tc=34 cost=0.30984465000000005 contaminated=False
[2026-09-27T08:23:15Z] [sonnet46] gate: need 1 fast probes (before launch)
[2026-09-27T08:23:21Z] [sonnet46]   sonnet46 probe 90 at 2026-09-27T08:23:15Z: fast_pass | wall 5.7s | status=passed exit=0 anomalies=none cost=None
[2026-09-27T08:23:21Z] [sonnet46] launching CONVERSION-LONG-TREATMENT-01 run-005
[2026-09-27T08:27:25Z] [sonnet46] post-run CONVERSION-LONG-TREATMENT-01/run-005: infrastructure status=invalid_ranking rank=None top3=[] tc=52 cost=0.5614030500000002 contaminated=False
[2026-09-27T08:27:25Z] [sonnet46] gate: need 3 fast probes (before launch)
[2026-09-27T08:27:31Z] [sonnet46]   sonnet46 probe 91 at 2026-09-27T08:27:25Z: fast_pass | wall 5.7s | status=passed exit=0 anomalies=none cost=None
[2026-09-27T08:27:36Z] [sonnet46]   sonnet46 probe 92 at 2026-09-27T08:27:31Z: fast_pass | wall 5.1s | status=passed exit=0 anomalies=none cost=None
[2026-09-27T08:27:41Z] [sonnet46]   sonnet46 probe 93 at 2026-09-27T08:27:36Z: fast_pass | wall 5.0s | status=passed exit=0 anomalies=none cost=None
[2026-09-27T08:27:42Z] [sonnet46] launching CONVERSION-LONG-TREATMENT-01 run-006
[2026-09-27T08:32:44Z] [sonnet46] post-run CONVERSION-LONG-TREATMENT-01/run-006: infrastructure status=timeout rank=None top3=[] tc=17 cost=0.09943979999999997 contaminated=False
[2026-09-27T08:32:44Z] [sonnet46] gate: need 3 fast probes (before launch)
[2026-09-27T08:32:50Z] [sonnet46]   sonnet46 probe 94 at 2026-09-27T08:32:44Z: fast_pass | wall 6.5s | status=passed exit=0 anomalies=none cost=None
[2026-09-27T08:32:56Z] [sonnet46]   sonnet46 probe 95 at 2026-09-27T08:32:50Z: fast_pass | wall 5.3s | status=passed exit=0 anomalies=none cost=None
[2026-09-27T08:33:01Z] [sonnet46]   sonnet46 probe 96 at 2026-09-27T08:32:56Z: fast_pass | wall 5.1s | status=passed exit=0 anomalies=none cost=None
[2026-09-27T08:33:01Z] [sonnet46] launching CONVERSION-LONG-TREATMENT-01 run-007
[2026-09-27T08:36:07Z] [sonnet46] post-run CONVERSION-LONG-TREATMENT-01/run-007: continue status=completed rank=1 top3=['NumberUtils::overlay', 'ObjectUtils::combine', 'Conversion::intArrayToLong'] tc=41 cost=0.37614075 contaminated=False
[2026-09-27T08:36:07Z] [sonnet46] gate: need 1 fast probes (before launch)
[2026-09-27T08:36:13Z] [sonnet46]   sonnet46 probe 97 at 2026-09-27T08:36:07Z: fast_pass | wall 5.6s | status=passed exit=0 anomalies=none cost=None
[2026-09-27T08:36:13Z] [sonnet46] launching CONVERSION-LONG-TREATMENT-01 run-008
[2026-09-27T08:39:01Z] [sonnet46] post-run CONVERSION-LONG-TREATMENT-01/run-008: continue status=completed rank=1 top3=['NumberUtils::overlay', 'ObjectUtils::combine', 'BitField::widen'] tc=33 cost=0.30164475 contaminated=False
[2026-09-27T08:39:01Z] [sonnet46] gate: need 1 fast probes (before launch)
[2026-09-27T08:39:07Z] [sonnet46]   sonnet46 probe 98 at 2026-09-27T08:39:01Z: fast_pass | wall 5.8s | status=passed exit=0 anomalies=none cost=None
[2026-09-27T08:39:07Z] [sonnet46] launching CONVERSION-LONG-TREATMENT-01 run-009
[2026-09-27T08:43:28Z] [sonnet46] post-run CONVERSION-LONG-TREATMENT-01/run-009: continue status=completed rank=1 top3=['NumberUtils::overlay', 'ObjectUtils::combine', 'BitField::widen'] tc=47 cost=0.4512834000000001 contaminated=False
[2026-09-27T08:43:28Z] [sonnet46] gate: need 1 fast probes (before launch)
[2026-09-27T08:43:34Z] [sonnet46]   sonnet46 probe 99 at 2026-09-27T08:43:28Z: fast_pass | wall 6.0s | status=passed exit=0 anomalies=none cost=None
[2026-09-27T08:43:34Z] [sonnet46] launching CONVERSION-LONG-TREATMENT-01 run-010
[2026-09-27T08:46:47Z] [sonnet46] post-run CONVERSION-LONG-TREATMENT-01/run-010: continue status=completed rank=1 top3=['NumberUtils::overlay', 'ObjectUtils::combine', 'BitField::widen'] tc=41 cost=0.3969693 contaminated=False
[2026-09-27T08:46:47Z] [sonnet46] BLOCK FINISHED: ADV-DEFINER-01,ADV-MASK-01,ADV-LEX-01,CONVERSION-LONG-TREATMENT-01 x10
[2026-09-27T08:47:08Z] [sonnet46] gate: need 3 fast probes (before launch)
[2026-09-27T08:47:13Z] [sonnet46]   sonnet46 probe 100 at 2026-09-27T08:47:08Z: fast_pass | wall 5.9s | status=passed exit=0 anomalies=none cost=None
[2026-09-27T08:47:18Z] [sonnet46]   sonnet46 probe 101 at 2026-09-27T08:47:14Z: fast_pass | wall 5.0s | status=passed exit=0 anomalies=none cost=None
[2026-09-27T08:47:24Z] [sonnet46]   sonnet46 probe 102 at 2026-09-27T08:47:19Z: fast_pass | wall 5.4s | status=passed exit=0 anomalies=none cost=None
[2026-09-27T08:47:24Z] [sonnet46] launching ADV-COMPOSITE-01 run-001
[2026-09-27T08:51:05Z] [sonnet46] post-run ADV-COMPOSITE-01/run-001: infrastructure status=invalid_ranking rank=None top3=[] tc=50 cost=0.49388924999999995 contaminated=False
[2026-09-27T08:51:05Z] [sonnet46] gate: need 3 fast probes (before launch)
[2026-09-27T08:51:11Z] [sonnet46]   sonnet46 probe 103 at 2026-09-27T08:51:05Z: fast_pass | wall 5.3s | status=passed exit=0 anomalies=none cost=None
[2026-09-27T08:51:16Z] [sonnet46]   sonnet46 probe 104 at 2026-09-27T08:51:11Z: fast_pass | wall 5.1s | status=passed exit=0 anomalies=none cost=None
[2026-09-27T08:51:21Z] [sonnet46]   sonnet46 probe 105 at 2026-09-27T08:51:16Z: fast_pass | wall 5.0s | status=passed exit=0 anomalies=none cost=None
[2026-09-27T08:51:21Z] [sonnet46] launching ADV-COMPOSITE-01 run-002
[2026-09-27T08:55:04Z] [sonnet46] post-run ADV-COMPOSITE-01/run-002: continue status=completed rank=5 top3=['PlotUtilities::drift', 'CompassPlot::ring', 'StandardDialScale::rim'] tc=43 cost=0.4450077000000002 contaminated=False
[2026-09-27T08:55:04Z] [sonnet46] gate: need 1 fast probes (before launch)
[2026-09-27T08:55:10Z] [sonnet46]   sonnet46 probe 106 at 2026-09-27T08:55:04Z: fast_pass | wall 6.0s | status=passed exit=0 anomalies=none cost=None
[2026-09-27T08:55:11Z] [sonnet46] launching ADV-COMPOSITE-01 run-003
[2026-09-27T08:58:47Z] [sonnet46] post-run ADV-COMPOSITE-01/run-003: infrastructure status=invalid_ranking rank=None top3=[] tc=52 cost=0.5094104999999999 contaminated=False
[2026-09-27T08:58:47Z] [sonnet46] gate: need 3 fast probes (before launch)
[2026-09-27T08:58:53Z] [sonnet46]   sonnet46 probe 107 at 2026-09-27T08:58:47Z: fast_pass | wall 5.8s | status=passed exit=0 anomalies=none cost=None
[2026-09-27T08:58:58Z] [sonnet46]   sonnet46 probe 108 at 2026-09-27T08:58:53Z: fast_pass | wall 5.1s | status=passed exit=0 anomalies=none cost=None
[2026-09-27T08:59:04Z] [sonnet46]   sonnet46 probe 109 at 2026-09-27T08:58:58Z: fast_pass | wall 5.2s | status=passed exit=0 anomalies=none cost=None
[2026-09-27T08:59:04Z] [sonnet46] launching ADV-COMPOSITE-01 run-004
[2026-09-27T09:02:31Z] [sonnet46] post-run ADV-COMPOSITE-01/run-004: infrastructure status=invalid_ranking rank=None top3=[] tc=50 cost=0.44368305000000013 contaminated=False
[2026-09-27T09:02:31Z] [sonnet46] gate: need 3 fast probes (before launch)
[2026-09-27T09:02:37Z] [sonnet46]   sonnet46 probe 110 at 2026-09-27T09:02:31Z: fast_pass | wall 5.9s | status=passed exit=0 anomalies=none cost=None
[2026-09-27T09:02:42Z] [sonnet46]   sonnet46 probe 111 at 2026-09-27T09:02:37Z: fast_pass | wall 5.1s | status=passed exit=0 anomalies=none cost=None
[2026-09-27T09:02:47Z] [sonnet46]   sonnet46 probe 112 at 2026-09-27T09:02:42Z: fast_pass | wall 5.2s | status=passed exit=0 anomalies=none cost=None
[2026-09-27T09:02:48Z] [sonnet46] launching ADV-COMPOSITE-01 run-005
[2026-09-27T09:06:21Z] [sonnet46] post-run ADV-COMPOSITE-01/run-005: infrastructure status=invalid_ranking rank=None top3=[] tc=51 cost=0.49650735 contaminated=False
[2026-09-27T09:06:21Z] [sonnet46] gate: need 3 fast probes (before launch)
[2026-09-27T09:06:27Z] [sonnet46]   sonnet46 probe 113 at 2026-09-27T09:06:21Z: fast_pass | wall 5.5s | status=passed exit=0 anomalies=none cost=None
[2026-09-27T09:06:32Z] [sonnet46]   sonnet46 probe 114 at 2026-09-27T09:06:27Z: fast_pass | wall 5.1s | status=passed exit=0 anomalies=none cost=None
[2026-09-27T09:06:38Z] [sonnet46]   sonnet46 probe 115 at 2026-09-27T09:06:32Z: fast_pass | wall 6.7s | status=passed exit=0 anomalies=none cost=None
[2026-09-27T09:06:39Z] [sonnet46] launching ADV-COMPOSITE-01 run-006
[2026-09-27T09:10:44Z] [sonnet46] post-run ADV-COMPOSITE-01/run-006: continue status=completed rank=5 top3=['PlotUtilities::drift', 'CompassPlot::ring', 'StandardDialScale::rim'] tc=42 cost=0.39104715 contaminated=False
[2026-09-27T09:10:44Z] [sonnet46] gate: need 1 fast probes (before launch)
[2026-09-27T09:10:50Z] [sonnet46]   sonnet46 probe 116 at 2026-09-27T09:10:44Z: fast_pass | wall 6.0s | status=passed exit=0 anomalies=none cost=None
[2026-09-27T09:10:51Z] [sonnet46] launching ADV-COMPOSITE-01 run-007
[2026-09-27T09:14:20Z] [sonnet46] post-run ADV-COMPOSITE-01/run-007: continue status=completed rank=5 top3=['PlotUtilities::drift', 'StandardDialScale::rim', 'CompassPlot::ring'] tc=41 cost=0.38374905000000004 contaminated=False
[2026-09-27T09:14:20Z] [sonnet46] gate: need 1 fast probes (before launch)
[2026-09-27T09:14:25Z] [sonnet46]   sonnet46 probe 117 at 2026-09-27T09:14:20Z: fast_pass | wall 5.4s | status=passed exit=0 anomalies=none cost=None
[2026-09-27T09:14:26Z] [sonnet46] launching ADV-COMPOSITE-01 run-008
[2026-09-27T09:18:24Z] [sonnet46] post-run ADV-COMPOSITE-01/run-008: continue status=completed rank=5 top3=['PlotUtilities::drift', 'PiePlot::getArcBounds', 'CompassPlot::ring'] tc=50 cost=0.4786848 contaminated=False
[2026-09-27T09:18:24Z] [sonnet46] gate: need 1 fast probes (before launch)
[2026-09-27T09:18:29Z] [sonnet46]   sonnet46 probe 118 at 2026-09-27T09:18:24Z: fast_pass | wall 5.4s | status=passed exit=0 anomalies=none cost=None
[2026-09-27T09:18:30Z] [sonnet46] launching ADV-COMPOSITE-01 run-009
[2026-09-27T09:22:11Z] [sonnet46] post-run ADV-COMPOSITE-01/run-009: infrastructure status=invalid_ranking rank=None top3=[] tc=50 cost=0.47154720000000006 contaminated=False
[2026-09-27T09:22:11Z] [sonnet46] gate: need 3 fast probes (before launch)
[2026-09-27T09:22:17Z] [sonnet46]   sonnet46 probe 119 at 2026-09-27T09:22:11Z: fast_pass | wall 5.7s | status=passed exit=0 anomalies=none cost=None
[2026-09-27T09:22:22Z] [sonnet46]   sonnet46 probe 120 at 2026-09-27T09:22:17Z: fast_pass | wall 5.0s | status=passed exit=0 anomalies=none cost=None
[2026-09-27T09:22:27Z] [sonnet46]   sonnet46 probe 121 at 2026-09-27T09:22:22Z: fast_pass | wall 5.1s | status=passed exit=0 anomalies=none cost=None
[2026-09-27T09:22:28Z] [sonnet46] launching ADV-COMPOSITE-01 run-010
[2026-09-27T09:26:56Z] [sonnet46] post-run ADV-COMPOSITE-01/run-010: continue status=completed rank=5 top3=['PlotUtilities::drift', 'StandardDialScale::rim', 'CompassPlot::ring'] tc=49 cost=0.49355234999999986 contaminated=False
[2026-09-27T09:26:56Z] [sonnet46] BLOCK FINISHED: ADV-COMPOSITE-01 x10
[2026-09-27T09:46:15Z] [sonnet46] gate: need 3 fast probes (before launch)
[2026-09-27T09:46:21Z] [sonnet46]   sonnet46 probe 122 at 2026-09-27T09:46:15Z: fast_pass | wall 5.5s | status=passed exit=0 anomalies=none cost=None
[2026-09-27T09:46:26Z] [sonnet46]   sonnet46 probe 123 at 2026-09-27T09:46:21Z: fast_pass | wall 4.9s | status=passed exit=0 anomalies=none cost=None
[2026-09-27T09:46:31Z] [sonnet46]   sonnet46 probe 124 at 2026-09-27T09:46:26Z: fast_pass | wall 5.1s | status=passed exit=0 anomalies=none cost=None
[2026-09-27T09:46:31Z] [sonnet46] launching ADV-DEFINER-01 run-011
[2026-09-27T09:50:49Z] [sonnet46] post-run ADV-DEFINER-01/run-011: infrastructure status=invalid_ranking rank=None top3=[] tc=51 cost=0.5045671500000001 contaminated=False
[2026-09-27T09:50:49Z] [sonnet46] BLOCK FINISHED: ADV-DEFINER-01 x11
[2026-09-27T09:50:49Z] [sonnet46] gate: need 3 fast probes (before launch)
[2026-09-27T09:50:55Z] [sonnet46]   sonnet46 probe 125 at 2026-09-27T09:50:49Z: fast_pass | wall 5.6s | status=passed exit=0 anomalies=none cost=None
[2026-09-27T09:51:00Z] [sonnet46]   sonnet46 probe 126 at 2026-09-27T09:50:55Z: fast_pass | wall 5.5s | status=passed exit=0 anomalies=none cost=None
[2026-09-27T09:51:05Z] [sonnet46]   sonnet46 probe 127 at 2026-09-27T09:51:00Z: fast_pass | wall 5.0s | status=passed exit=0 anomalies=none cost=None
[2026-09-27T09:51:06Z] [sonnet46] launching ADV-MASK-01 run-011
[2026-09-27T09:55:07Z] [sonnet46] post-run ADV-MASK-01/run-011: continue status=completed rank=4 top3=['NumberUtils::overlay', 'ObjectUtils::combine', 'BitField::widen'] tc=44 cost=0.54253485 contaminated=False
[2026-09-27T09:55:07Z] [sonnet46] gate: need 1 fast probes (before launch)
[2026-09-27T09:55:13Z] [sonnet46]   sonnet46 probe 128 at 2026-09-27T09:55:07Z: fast_pass | wall 5.7s | status=passed exit=0 anomalies=none cost=None
[2026-09-27T09:55:13Z] [sonnet46] launching ADV-MASK-01 run-012
[2026-09-27T10:00:02Z] [sonnet46] post-run ADV-MASK-01/run-012: continue status=completed rank=4 top3=['NumberUtils::overlay', 'ObjectUtils::combine', 'BitField::widen'] tc=44 cost=0.5608245 contaminated=False
[2026-09-27T10:00:02Z] [sonnet46] gate: need 1 fast probes (before launch)
[2026-09-27T10:00:08Z] [sonnet46]   sonnet46 probe 129 at 2026-09-27T10:00:02Z: fast_pass | wall 5.8s | status=passed exit=0 anomalies=none cost=None
[2026-09-27T10:00:09Z] [sonnet46] launching ADV-MASK-01 run-013
[2026-09-27T10:04:10Z] [sonnet46] post-run ADV-MASK-01/run-013: infrastructure status=invalid_ranking rank=None top3=[] tc=50 cost=0.45602429999999994 contaminated=False
[2026-09-27T10:04:10Z] [sonnet46] gate: need 3 fast probes (before launch)
[2026-09-27T10:04:16Z] [sonnet46]   sonnet46 probe 130 at 2026-09-27T10:04:10Z: fast_pass | wall 5.6s | status=passed exit=0 anomalies=none cost=None
[2026-09-27T10:04:21Z] [sonnet46]   sonnet46 probe 131 at 2026-09-27T10:04:16Z: fast_pass | wall 5.5s | status=passed exit=0 anomalies=none cost=None
[2026-09-27T10:04:26Z] [sonnet46]   sonnet46 probe 132 at 2026-09-27T10:04:21Z: fast_pass | wall 5.2s | status=passed exit=0 anomalies=none cost=None
[2026-09-27T10:04:27Z] [sonnet46] launching ADV-MASK-01 run-014
[2026-09-27T10:07:24Z] [sonnet46] post-run ADV-MASK-01/run-014: continue status=completed rank=4 top3=['NumberUtils::overlay', 'ObjectUtils::combine', 'BitField::widen'] tc=38 cost=0.35594955 contaminated=False
[2026-09-27T10:07:24Z] [sonnet46] gate: need 1 fast probes (before launch)
[2026-09-27T10:07:30Z] [sonnet46]   sonnet46 probe 133 at 2026-09-27T10:07:24Z: fast_pass | wall 5.6s | status=passed exit=0 anomalies=none cost=None
[2026-09-27T10:07:30Z] [sonnet46] launching ADV-MASK-01 run-015
[2026-09-27T10:10:38Z] [sonnet46] post-run ADV-MASK-01/run-015: continue status=completed rank=4 top3=['NumberUtils::overlay', 'ObjectUtils::combine', 'BitField::widen'] tc=40 cost=0.3835503 contaminated=False
[2026-09-27T10:10:38Z] [sonnet46] gate: need 1 fast probes (before launch)
[2026-09-27T10:10:43Z] [sonnet46]   sonnet46 probe 134 at 2026-09-27T10:10:38Z: fast_pass | wall 5.6s | status=passed exit=0 anomalies=none cost=None
[2026-09-27T10:10:44Z] [sonnet46] launching ADV-MASK-01 run-016
[2026-09-27T10:14:20Z] [sonnet46] post-run ADV-MASK-01/run-016: continue status=completed rank=4 top3=['NumberUtils::overlay', 'ObjectUtils::combine', 'BitField::widen'] tc=48 cost=0.4337200499999999 contaminated=False
[2026-09-27T10:14:20Z] [sonnet46] BLOCK FINISHED: ADV-MASK-01 x16
[2026-09-27T10:14:20Z] [sonnet46] gate: need 3 fast probes (before launch)
[2026-09-27T10:14:25Z] [sonnet46]   sonnet46 probe 135 at 2026-09-27T10:14:20Z: fast_pass | wall 5.5s | status=passed exit=0 anomalies=none cost=None
[2026-09-27T10:14:30Z] [sonnet46]   sonnet46 probe 136 at 2026-09-27T10:14:25Z: fast_pass | wall 5.2s | status=passed exit=0 anomalies=none cost=None
[2026-09-27T10:14:36Z] [sonnet46]   sonnet46 probe 137 at 2026-09-27T10:14:30Z: fast_pass | wall 5.1s | status=passed exit=0 anomalies=none cost=None
[2026-09-27T10:14:36Z] [sonnet46] launching ADV-LEX-01 run-011
[2026-09-27T10:18:24Z] [sonnet46] post-run ADV-LEX-01/run-011: continue status=completed rank=1 top3=['NumberUtils::apply', 'BitField::wordOffset', 'BitField::widen'] tc=48 cost=0.43239675 contaminated=False
[2026-09-27T10:18:24Z] [sonnet46] gate: need 1 fast probes (before launch)
[2026-09-27T10:18:30Z] [sonnet46]   sonnet46 probe 138 at 2026-09-27T10:18:24Z: fast_pass | wall 5.7s | status=passed exit=0 anomalies=none cost=None
[2026-09-27T10:18:31Z] [sonnet46] launching ADV-LEX-01 run-012
[2026-09-27T10:20:38Z] [sonnet46] post-run ADV-LEX-01/run-012: continue status=completed rank=1 top3=['NumberUtils::apply', 'BitField::wordOffset', 'BitField::widen'] tc=25 cost=0.230289 contaminated=False
[2026-09-27T10:20:38Z] [sonnet46] gate: need 1 fast probes (before launch)
[2026-09-27T10:20:44Z] [sonnet46]   sonnet46 probe 139 at 2026-09-27T10:20:38Z: fast_pass | wall 5.6s | status=passed exit=0 anomalies=none cost=None
[2026-09-27T10:20:45Z] [sonnet46] launching ADV-LEX-01 run-013
[2026-09-27T10:25:47Z] [sonnet46] post-run ADV-LEX-01/run-013: infrastructure status=timeout rank=None top3=[] tc=20 cost=0.10839870000000001 contaminated=False
[2026-09-27T10:25:47Z] [sonnet46] gate: need 3 fast probes (before launch)
[2026-09-27T10:25:53Z] [sonnet46]   sonnet46 probe 140 at 2026-09-27T10:25:47Z: fast_pass | wall 6.6s | status=passed exit=0 anomalies=none cost=None
[2026-09-27T10:25:58Z] [sonnet46]   sonnet46 probe 141 at 2026-09-27T10:25:53Z: fast_pass | wall 5.1s | status=passed exit=0 anomalies=none cost=None
[2026-09-27T10:26:04Z] [sonnet46]   sonnet46 probe 142 at 2026-09-27T10:25:58Z: fast_pass | wall 5.2s | status=passed exit=0 anomalies=none cost=None
[2026-09-27T10:26:04Z] [sonnet46] launching ADV-LEX-01 run-014
[2026-09-27T10:28:40Z] [sonnet46] post-run ADV-LEX-01/run-014: continue status=completed rank=1 top3=['NumberUtils::apply', 'BitField::wordOffset', 'BitField::widen'] tc=37 cost=0.30729179999999995 contaminated=False
[2026-09-27T10:28:40Z] [sonnet46] BLOCK FINISHED: ADV-LEX-01 x14
[2026-09-27T10:28:40Z] [sonnet46] gate: need 3 fast probes (before launch)
[2026-09-27T10:28:46Z] [sonnet46]   sonnet46 probe 143 at 2026-09-27T10:28:40Z: fast_pass | wall 5.6s | status=passed exit=0 anomalies=none cost=None
[2026-09-27T10:28:51Z] [sonnet46]   sonnet46 probe 144 at 2026-09-27T10:28:46Z: fast_pass | wall 5.0s | status=passed exit=0 anomalies=none cost=None
[2026-09-27T10:28:56Z] [sonnet46]   sonnet46 probe 145 at 2026-09-27T10:28:51Z: fast_pass | wall 5.4s | status=passed exit=0 anomalies=none cost=None
[2026-09-27T10:28:57Z] [sonnet46] launching CONVERSION-LONG-TREATMENT-01 run-011
[2026-09-27T10:31:59Z] [sonnet46] post-run CONVERSION-LONG-TREATMENT-01/run-011: continue status=completed rank=1 top3=['NumberUtils::overlay', 'ObjectUtils::combine', 'BitField::widen'] tc=41 cost=0.36696509999999993 contaminated=False
[2026-09-27T10:31:59Z] [sonnet46] gate: need 1 fast probes (before launch)
[2026-09-27T10:32:05Z] [sonnet46]   sonnet46 probe 146 at 2026-09-27T10:32:00Z: fast_pass | wall 5.9s | status=passed exit=0 anomalies=none cost=None
[2026-09-27T10:32:06Z] [sonnet46] launching CONVERSION-LONG-TREATMENT-01 run-012
[2026-09-27T10:37:08Z] [sonnet46] post-run CONVERSION-LONG-TREATMENT-01/run-012: infrastructure status=timeout rank=None top3=[] tc=16 cost=0.08990520000000002 contaminated=False
[2026-09-27T10:37:08Z] [sonnet46] gate: need 3 fast probes (before launch)
[2026-09-27T10:37:14Z] [sonnet46]   sonnet46 probe 147 at 2026-09-27T10:37:08Z: fast_pass | wall 6.4s | status=passed exit=0 anomalies=none cost=None
[2026-09-27T10:37:19Z] [sonnet46]   sonnet46 probe 148 at 2026-09-27T10:37:14Z: fast_pass | wall 5.2s | status=passed exit=0 anomalies=none cost=None
[2026-09-27T10:37:25Z] [sonnet46]   sonnet46 probe 149 at 2026-09-27T10:37:19Z: fast_pass | wall 5.1s | status=passed exit=0 anomalies=none cost=None
[2026-09-27T10:37:25Z] [sonnet46] launching CONVERSION-LONG-TREATMENT-01 run-013
[2026-09-27T10:42:27Z] [sonnet46] post-run CONVERSION-LONG-TREATMENT-01/run-013: infrastructure status=timeout rank=None top3=[] tc=17 cost=0.0929454 contaminated=False
[2026-09-27T10:42:27Z] [sonnet46] BLOCK FINISHED: CONVERSION-LONG-TREATMENT-01 x13
