[2026-09-27T06:38:00Z] [opus55] gate: need 3 fast probes (before launch)
[2026-09-27T06:38:07Z] [opus55]   opus55 probe 4 at 2026-09-27T06:38:00Z: fast_pass | wall 6.5s | status=passed exit=0 anomalies=none cost=None
[2026-09-27T06:38:13Z] [opus55]   opus55 probe 5 at 2026-09-27T06:38:07Z: fast_pass | wall 6.0s | status=passed exit=0 anomalies=none cost=None
[2026-09-27T06:38:18Z] [opus55]   opus55 probe 6 at 2026-09-27T06:38:13Z: fast_pass | wall 5.9s | status=passed exit=0 anomalies=none cost=None
[2026-09-27T06:38:19Z] [opus55] launching ADV-DEFINER-01 run-001
[2026-09-27T06:38:50Z] [opus55] post-run ADV-DEFINER-01/run-001: continue status=completed rank=2 top3=['PlotUtilities::drift', 'Plot::nudge', 'StandardDialScale::rim'] tc=6 cost=0.0892122 contaminated=False
[2026-09-27T06:38:50Z] [opus55] gate: need 1 fast probes (before launch)
[2026-09-27T06:38:56Z] [opus55]   opus55 probe 7 at 2026-09-27T06:38:50Z: fast_pass | wall 5.8s | status=passed exit=0 anomalies=none cost=None
[2026-09-27T06:38:57Z] [opus55] launching ADV-DEFINER-01 run-002
[2026-09-27T06:39:32Z] [opus55] post-run ADV-DEFINER-01/run-002: continue status=completed rank=3 top3=['PlotUtilities::drift', 'StandardDialScale::rim', 'Plot::nudge'] tc=6 cost=0.09233000000000001 contaminated=False
[2026-09-27T06:39:32Z] [opus55] gate: need 1 fast probes (before launch)
[2026-09-27T06:39:38Z] [opus55]   opus55 probe 8 at 2026-09-27T06:39:32Z: fast_pass | wall 5.9s | status=passed exit=0 anomalies=none cost=None
[2026-09-27T06:39:39Z] [opus55] launching ADV-DEFINER-01 run-003
[2026-09-27T06:40:11Z] [opus55] post-run ADV-DEFINER-01/run-003: continue status=completed rank=2 top3=['PlotUtilities::drift', 'Plot::nudge', 'StandardDialScale::rim'] tc=6 cost=0.0895404 contaminated=False
[2026-09-27T06:40:11Z] [opus55] gate: need 1 fast probes (before launch)
[2026-09-27T06:40:17Z] [opus55]   opus55 probe 9 at 2026-09-27T06:40:11Z: fast_pass | wall 5.7s | status=passed exit=0 anomalies=none cost=None
[2026-09-27T06:40:18Z] [opus55] launching ADV-DEFINER-01 run-004
[2026-09-27T06:40:57Z] [opus55] post-run ADV-DEFINER-01/run-004: continue status=completed rank=2 top3=['PlotUtilities::drift', 'Plot::nudge', 'ShapeUtilities::shift'] tc=7 cost=0.1098682 contaminated=False
[2026-09-27T06:40:57Z] [opus55] gate: need 1 fast probes (before launch)
[2026-09-27T06:41:03Z] [opus55]   opus55 probe 10 at 2026-09-27T06:40:57Z: fast_pass | wall 5.8s | status=passed exit=0 anomalies=none cost=None
[2026-09-27T06:41:04Z] [opus55] launching ADV-DEFINER-01 run-005
[2026-09-27T06:41:34Z] [opus55] post-run ADV-DEFINER-01/run-005: continue status=completed rank=3 top3=['PlotUtilities::drift', 'StandardDialScale::rim', 'Plot::nudge'] tc=6 cost=0.08657480000000001 contaminated=False
[2026-09-27T06:41:34Z] [opus55] gate: need 1 fast probes (before launch)
[2026-09-27T06:41:39Z] [opus55]   opus55 probe 11 at 2026-09-27T06:41:34Z: fast_pass | wall 5.3s | status=passed exit=0 anomalies=none cost=None
[2026-09-27T06:41:40Z] [opus55] launching ADV-MASK-01 run-001
[2026-09-27T06:42:27Z] [opus55] post-run ADV-MASK-01/run-001: continue status=completed rank=1 top3=['EnumUtils::compose', 'NumberUtils::overlay', 'BitField::widen'] tc=9 cost=0.1267816 contaminated=False
[2026-09-27T06:42:27Z] [opus55] gate: need 1 fast probes (before launch)
[2026-09-27T06:42:33Z] [opus55]   opus55 probe 12 at 2026-09-27T06:42:27Z: fast_pass | wall 5.7s | status=passed exit=0 anomalies=none cost=None
[2026-09-27T06:42:34Z] [opus55] launching ADV-MASK-01 run-002
[2026-09-27T06:43:12Z] [opus55] post-run ADV-MASK-01/run-002: continue status=completed rank=4 top3=['NumberUtils::overlay', 'ObjectUtils::combine', 'BitField::widen'] tc=6 cost=0.07662740000000001 contaminated=False
[2026-09-27T06:43:12Z] [opus55] gate: need 1 fast probes (before launch)
[2026-09-27T06:43:18Z] [opus55]   opus55 probe 13 at 2026-09-27T06:43:12Z: fast_pass | wall 6.3s | status=passed exit=0 anomalies=none cost=None
[2026-09-27T06:43:19Z] [opus55] launching ADV-MASK-01 run-003
[2026-09-27T06:43:55Z] [opus55] post-run ADV-MASK-01/run-003: continue status=completed rank=1 top3=['EnumUtils::compose', 'NumberUtils::overlay', 'ObjectUtils::combine'] tc=7 cost=0.1069722 contaminated=False
[2026-09-27T06:43:55Z] [opus55] gate: need 1 fast probes (before launch)
[2026-09-27T06:44:00Z] [opus55]   opus55 probe 14 at 2026-09-27T06:43:55Z: fast_pass | wall 5.7s | status=passed exit=0 anomalies=none cost=None
[2026-09-27T06:44:01Z] [opus55] launching ADV-MASK-01 run-004
[2026-09-27T06:44:32Z] [opus55] post-run ADV-MASK-01/run-004: continue status=completed rank=3 top3=['NumberUtils::overlay', 'ObjectUtils::combine', 'EnumUtils::compose'] tc=6 cost=0.09116940000000001 contaminated=False
[2026-09-27T06:44:32Z] [opus55] gate: need 1 fast probes (before launch)
[2026-09-27T06:44:38Z] [opus55]   opus55 probe 15 at 2026-09-27T06:44:32Z: fast_pass | wall 5.4s | status=passed exit=0 anomalies=none cost=None
[2026-09-27T06:44:38Z] [opus55] launching ADV-MASK-01 run-005
[2026-09-27T06:45:09Z] [opus55] post-run ADV-MASK-01/run-005: continue status=completed rank=4 top3=['NumberUtils::overlay', 'ObjectUtils::combine', 'BitField::widen'] tc=6 cost=0.0769686 contaminated=False
[2026-09-27T06:45:09Z] [opus55] gate: need 1 fast probes (before launch)
[2026-09-27T06:45:15Z] [opus55]   opus55 probe 16 at 2026-09-27T06:45:09Z: fast_pass | wall 6.1s | status=passed exit=0 anomalies=none cost=None
[2026-09-27T06:45:16Z] [opus55] launching ADV-LEX-01 run-001
[2026-09-27T06:45:50Z] [opus55] post-run ADV-LEX-01/run-001: continue status=completed rank=1 top3=['NumberUtils::apply', 'BitField::wordOffset', 'ObjectUtils::combine'] tc=6 cost=0.0879674 contaminated=False
[2026-09-27T06:45:50Z] [opus55] gate: need 1 fast probes (before launch)
[2026-09-27T06:45:56Z] [opus55]   opus55 probe 17 at 2026-09-27T06:45:50Z: fast_pass | wall 5.8s | status=passed exit=0 anomalies=none cost=None
[2026-09-27T06:45:57Z] [opus55] launching ADV-LEX-01 run-002
[2026-09-27T06:46:38Z] [opus55] post-run ADV-LEX-01/run-002: continue status=completed rank=1 top3=['NumberUtils::apply', 'BitField::wordOffset', 'ObjectUtils::combine'] tc=8 cost=0.1152128 contaminated=False
[2026-09-27T06:46:38Z] [opus55] gate: need 1 fast probes (before launch)
[2026-09-27T06:46:43Z] [opus55]   opus55 probe 18 at 2026-09-27T06:46:38Z: fast_pass | wall 5.4s | status=passed exit=0 anomalies=none cost=None
[2026-09-27T06:46:44Z] [opus55] launching ADV-LEX-01 run-003
[2026-09-27T06:47:24Z] [opus55] post-run ADV-LEX-01/run-003: continue status=completed rank=1 top3=['NumberUtils::apply', 'BitField::wordOffset', 'BitField::widen'] tc=8 cost=0.11426380000000003 contaminated=False
[2026-09-27T06:47:24Z] [opus55] gate: need 1 fast probes (before launch)
[2026-09-27T06:47:31Z] [opus55]   opus55 probe 19 at 2026-09-27T06:47:24Z: fast_pass | wall 6.3s | status=passed exit=0 anomalies=none cost=None
[2026-09-27T06:47:31Z] [opus55] launching ADV-LEX-01 run-004
[2026-09-27T06:48:04Z] [opus55] post-run ADV-LEX-01/run-004: continue status=completed rank=1 top3=['NumberUtils::apply', 'BitField::wordOffset', 'BitField::widen'] tc=6 cost=0.10740140000000001 contaminated=False
[2026-09-27T06:48:04Z] [opus55] gate: need 1 fast probes (before launch)
[2026-09-27T06:48:10Z] [opus55]   opus55 probe 20 at 2026-09-27T06:48:04Z: fast_pass | wall 6.0s | status=passed exit=0 anomalies=none cost=None
[2026-09-27T06:48:10Z] [opus55] launching ADV-LEX-01 run-005
[2026-09-27T06:48:43Z] [opus55] post-run ADV-LEX-01/run-005: continue status=completed rank=1 top3=['NumberUtils::apply', 'BitField::wordOffset', 'ObjectUtils::combine'] tc=6 cost=0.09585280000000002 contaminated=False
[2026-09-27T06:48:43Z] [opus55] BLOCK FINISHED: ADV-DEFINER-01,ADV-MASK-01,ADV-LEX-01 x5
